Archive member included to satisfy reference by file (symbol)

c:/mounriver/mounriver_studio/toolchain/risc-v embedded gcc/bin/../lib/gcc/riscv-none-embed/8.2.0/rv32imacxw/ilp32\libgcc.a(eqdf2.o)
                              ./Hardware/cJSON.o (__eqdf2)
c:/mounriver/mounriver_studio/toolchain/risc-v embedded gcc/bin/../lib/gcc/riscv-none-embed/8.2.0/rv32imacxw/ilp32\libgcc.a(gedf2.o)
                              ./Hardware/cJSON.o (__gedf2)
c:/mounriver/mounriver_studio/toolchain/risc-v embedded gcc/bin/../lib/gcc/riscv-none-embed/8.2.0/rv32imacxw/ilp32\libgcc.a(ledf2.o)
                              ./Hardware/cJSON.o (__ledf2)
c:/mounriver/mounriver_studio/toolchain/risc-v embedded gcc/bin/../lib/gcc/riscv-none-embed/8.2.0/rv32imacxw/ilp32\libgcc.a(muldf3.o)
                              ./Hardware/cJSON.o (__muldf3)
c:/mounriver/mounriver_studio/toolchain/risc-v embedded gcc/bin/../lib/gcc/riscv-none-embed/8.2.0/rv32imacxw/ilp32\libgcc.a(subdf3.o)
                              ./Hardware/cJSON.o (__subdf3)
c:/mounriver/mounriver_studio/toolchain/risc-v embedded gcc/bin/../lib/gcc/riscv-none-embed/8.2.0/rv32imacxw/ilp32\libgcc.a(unorddf2.o)
                              ./Hardware/cJSON.o (__unorddf2)
c:/mounriver/mounriver_studio/toolchain/risc-v embedded gcc/bin/../lib/gcc/riscv-none-embed/8.2.0/rv32imacxw/ilp32\libgcc.a(fixdfsi.o)
                              ./Hardware/cJSON.o (__fixdfsi)
c:/mounriver/mounriver_studio/toolchain/risc-v embedded gcc/bin/../lib/gcc/riscv-none-embed/8.2.0/rv32imacxw/ilp32\libgcc.a(floatsidf.o)
                              ./Hardware/cJSON.o (__floatsidf)
c:/mounriver/mounriver_studio/toolchain/risc-v embedded gcc/bin/../lib/gcc/riscv-none-embed/8.2.0/rv32imacxw/ilp32\libgcc.a(extendsfdf2.o)
                              ./Hardware/cJSON.o (__extendsfdf2)
c:/mounriver/mounriver_studio/toolchain/risc-v embedded gcc/bin/../lib/gcc/riscv-none-embed/8.2.0/rv32imacxw/ilp32\libgcc.a(save-restore.o)
                              ./Hardware/cJSON.o (__riscv_save_12)
c:/mounriver/mounriver_studio/toolchain/risc-v embedded gcc/bin/../lib/gcc/riscv-none-embed/8.2.0/rv32imacxw/ilp32\libgcc.a(_clzsi2.o)
                              c:/mounriver/mounriver_studio/toolchain/risc-v embedded gcc/bin/../lib/gcc/riscv-none-embed/8.2.0/rv32imacxw/ilp32\libgcc.a(muldf3.o) (__clzsi2)
c:/mounriver/mounriver_studio/toolchain/risc-v embedded gcc/bin/../lib/gcc/riscv-none-embed/8.2.0/rv32imacxw/ilp32\libgcc.a(_clz.o)
                              c:/mounriver/mounriver_studio/toolchain/risc-v embedded gcc/bin/../lib/gcc/riscv-none-embed/8.2.0/rv32imacxw/ilp32\libgcc.a(_clzsi2.o) (__clz_tab)
c:/mounriver/mounriver_studio/toolchain/risc-v embedded gcc/bin/../lib/gcc/riscv-none-embed/8.2.0/../../../../riscv-none-embed/lib/rv32imacxw/ilp32\libg_nano.a(lib_a-locale.o)
                              ./Hardware/cJSON.o (__locale_ctype_ptr)
c:/mounriver/mounriver_studio/toolchain/risc-v embedded gcc/bin/../lib/gcc/riscv-none-embed/8.2.0/../../../../riscv-none-embed/lib/rv32imacxw/ilp32\libg_nano.a(lib_a-malloc.o)
                              ./Hardware/cJSON.o (malloc)
c:/mounriver/mounriver_studio/toolchain/risc-v embedded gcc/bin/../lib/gcc/riscv-none-embed/8.2.0/../../../../riscv-none-embed/lib/rv32imacxw/ilp32\libg_nano.a(lib_a-mbtowc_r.o)
                              c:/mounriver/mounriver_studio/toolchain/risc-v embedded gcc/bin/../lib/gcc/riscv-none-embed/8.2.0/../../../../riscv-none-embed/lib/rv32imacxw/ilp32\libg_nano.a(lib_a-locale.o) (__ascii_mbtowc)
c:/mounriver/mounriver_studio/toolchain/risc-v embedded gcc/bin/../lib/gcc/riscv-none-embed/8.2.0/../../../../riscv-none-embed/lib/rv32imacxw/ilp32\libg_nano.a(lib_a-memcpy.o)
                              ./Hardware/cJSON.o (memcpy)
c:/mounriver/mounriver_studio/toolchain/risc-v embedded gcc/bin/../lib/gcc/riscv-none-embed/8.2.0/../../../../riscv-none-embed/lib/rv32imacxw/ilp32\libg_nano.a(lib_a-memset.o)
                              ./Hardware/cJSON.o (memset)
c:/mounriver/mounriver_studio/toolchain/risc-v embedded gcc/bin/../lib/gcc/riscv-none-embed/8.2.0/../../../../riscv-none-embed/lib/rv32imacxw/ilp32\libg_nano.a(lib_a-nano-freer.o)
                              c:/mounriver/mounriver_studio/toolchain/risc-v embedded gcc/bin/../lib/gcc/riscv-none-embed/8.2.0/../../../../riscv-none-embed/lib/rv32imacxw/ilp32\libg_nano.a(lib_a-malloc.o) (_free_r)
c:/mounriver/mounriver_studio/toolchain/risc-v embedded gcc/bin/../lib/gcc/riscv-none-embed/8.2.0/../../../../riscv-none-embed/lib/rv32imacxw/ilp32\libg_nano.a(lib_a-nano-mallocr.o)
                              c:/mounriver/mounriver_studio/toolchain/risc-v embedded gcc/bin/../lib/gcc/riscv-none-embed/8.2.0/../../../../riscv-none-embed/lib/rv32imacxw/ilp32\libg_nano.a(lib_a-malloc.o) (_malloc_r)
c:/mounriver/mounriver_studio/toolchain/risc-v embedded gcc/bin/../lib/gcc/riscv-none-embed/8.2.0/../../../../riscv-none-embed/lib/rv32imacxw/ilp32\libg_nano.a(lib_a-printf.o)
[...]
Memory Configuration

Name             Origin             Length             Attributes
FLASH            0x0000000000000000 0x0000000000048000 xr
RAM              0x0000000020000000 0x0000000000008000 xrw
*default*        0x0000000000000000 0xffffffffffffffff

Linker script and memory map

LOAD ./User/ch32v30x_it.o
LOAD ./User/main.o
LOAD ./User/system_ch32v30x.o
LOAD ./Startup/startup_ch32v30x_D8C.o
LOAD ./Peripheral/src/ch32v30x_adc.o
LOAD ./Peripheral/src/ch32v30x_bkp.o
LOAD ./Peripheral/src/ch32v30x_can.o
LOAD ./Peripheral/src/ch32v30x_crc.o
LOAD ./Peripheral/src/ch32v30x_dac.o
LOAD ./Peripheral/src/ch32v30x_dbgmcu.o
LOAD ./Peripheral/src/ch32v30x_dma.o
LOAD ./Peripheral/src/ch32v30x_dvp.o
LOAD ./Peripheral/src/ch32v30x_eth.o
LOAD ./Peripheral/src/ch32v30x_exti.o
LOAD ./Peripheral/src/ch32v30x_flash.o
LOAD ./Peripheral/src/ch32v30x_fsmc.o
LOAD ./Peripheral/src/ch32v30x_gpio.o
LOAD ./Peripheral/src/ch32v30x_i2c.o
LOAD ./Peripheral/src/ch32v30x_iwdg.o
LOAD ./Peripheral/src/ch32v30x_misc.o
LOAD ./Peripheral/src/ch32v30x_opa.o
LOAD ./Peripheral/src/ch32v30x_pwr.o
LOAD ./Peripheral/src/ch32v30x_rcc.o
LOAD ./Peripheral/src/ch32v30x_rng.o
LOAD ./Peripheral/src/ch32v30x_rtc.o
LOAD ./Peripheral/src/ch32v30x_sdio.o
LOAD ./Peripheral/src/ch32v30x_spi.o
LOAD ./Peripheral/src/ch32v30x_tim.o
LOAD ./Peripheral/src/ch32v30x_usart.o
LOAD ./Peripheral/src/ch32v30x_wwdg.o
LOAD ./Hardware/cJSON.o
LOAD ./Hardware/esp8266.o
LOAD ./Debug/debug.o
LOAD ./Core/core_riscv.o
LOAD c:/mounriver/mounriver_studio/toolchain/risc-v embedded gcc/bin/../lib/gcc/riscv-none-embed/8.2.0/../../../../riscv-none-embed/lib/rv32imacxw/ilp32\libm.a
LOAD c:/mounriver/mounriver_studio/toolchain/risc-v embedded gcc/bin/../lib/gcc/riscv-none-embed/8.2.0/rv32imacxw/ilp32\libgcc.a
LOAD c:/mounriver/mounriver_studio/toolchain/risc-v embedded gcc/bin/../lib/gcc/riscv-none-embed/8.2.0/../../../../riscv-none-embed/lib/rv32imacxw/ilp32\libg_nano.a
LOAD c:/mounriver/mounriver_studio/toolchain/risc-v embedded gcc/bin/../lib/gcc/riscv-none-embed/8.2.0/../../../../riscv-none-embed/lib/rv32imacxw/ilp32\libc_nano.a
LOAD c:/mounriver/mounriver_studio/toolchain/risc-v embedded gcc/bin/../lib/gcc/riscv-none-embed/8.2.0/rv32imacxw/ilp32\libgcc.a
START GROUP
LOAD c:/mounriver/mounriver_studio/toolchain/risc-v embedded gcc/bin/../lib/gcc/riscv-none-embed/8.2.0/rv32imacxw/ilp32\libgcc.a
LOAD c:/mounriver/mounriver_studio/toolchain/risc-v embedded gcc/bin/../lib/gcc/riscv-none-embed/8.2.0/../../../../riscv-none-embed/lib/rv32imacxw/ilp32\libc_nano.a
LOAD c:/mounriver/mounriver_studio/toolchain/risc-v embedded gcc/bin/../lib/gcc/riscv-none-embed/8.2.0/../../../../riscv-none-embed/lib/rv32imacxw/ilp32\libnosys.a
END GROUP
START GROUP
LOAD c:/mounriver/mounriver_studio/toolchain/risc-v embedded gcc/bin/../lib/gcc/riscv-none-embed/8.2.0/rv32imacxw/ilp32\libgcc.a
LOAD c:/mounriver/mounriver_studio/toolchain/risc-v embedded gcc/bin/../lib/gcc/riscv-none-embed/8.2.0/../../../../riscv-none-embed/lib/rv32imacxw/ilp32\libc_nano.a
LOAD c:/mounriver/mounriver_studio/toolchain/risc-v embedded gcc/bin/../lib/gcc/riscv-none-embed/8.2.0/../../../../riscv-none-embed/lib/rv32imacxw/ilp32\libnosys.a
END GROUP
                0x0000000000000800                __stack_size = 0x800
                [!provide]                        PROVIDE (_stack_size = __stack_size)

.init           0x0000000000000000        0x4
                0x0000000000000000                _sinit = .
                0x0000000000000000                . = ALIGN (0x4)
 *(SORT_NONE(.init))
 .init          0x0000000000000000        0x4 ./Startup/startup_ch32v30x_D8C.o
                0x0000000000000000                _start
                0x0000000000000004                . = ALIGN (0x4)
                0x0000000000000004                _einit = .

.vector         0x0000000000000004      0x1bc
 *(.vector)
 .vector        0x0000000000000004      0x1a0 ./Startup/startup_ch32v30x_D8C.o
                0x00000000000001c0                . = ALIGN (0x40)
 *fill*         0x00000000000001a4       0x1c 

.text           0x00000000000001c0     0x2bfc
                0x00000000000001c0                . = ALIGN (0x4)
 *(.text)
 .text          0x00000000000001c0       0x60 c:/mounriver/mounriver_studio/toolchain/risc-v embedded gcc/bin/../lib/gcc/riscv-none-embed/8.2.0/rv32imacxw/ilp32\libgcc.a(save-restore.o)
                0x00000000000001c0                __riscv_save_12
                0x00000000000001c8                __riscv_save_9
                0x00000000000001c8                __riscv_save_11
                0x00000000000001c8                __riscv_save_10
                0x00000000000001c8                __riscv_save_8
                0x00000000000001d6                __riscv_save_4
                0x00000000000001d6                __riscv_save_6
                0x00000000000001d6                __riscv_save_5
                0x00000000000001d6                __riscv_save_7
                0x00000000000001f0                __riscv_save_3
                0x00000000000001f0                __riscv_save_2
                0x00000000000001f0                __riscv_save_1
                0x00000000000001f0                __riscv_save_0
                0x00000000000001fc                __riscv_restore_12
                0x0000000000000200                __riscv_restore_11
                0x0000000000000200                __riscv_restore_9
                0x0000000000000200                __riscv_restore_10
                0x0000000000000200                __riscv_restore_8
                0x000000000000020a                __riscv_restore_5
                0x000000000000020a                __riscv_restore_7
                0x000000000000020a                __riscv_restore_6
                0x000000000000020a                __riscv_restore_4
                0x0000000000000214                __riscv_restore_3
                0x0000000000000214                __riscv_restore_0
                0x0000000000000214                __riscv_restore_2
                0x0000000000000214                __riscv_restore_1
 .text          0x0000000000000220       0xa8 c:/mounriver/mounriver_studio/toolchain/risc-v embedded gcc/bin/../lib/gcc/riscv-none-embed/8.2.0/../../../../riscv-none-embed/lib/rv32imacxw/ilp32\libg_nano.a(lib_a-memset.o)
                0x0000000000000220                memset
 *(.text.*)
 .text.NMI_Handler
                0x00000000000002c8        0x2 ./User/ch32v30x_it.o
                0x00000000000002c8                NMI_Handler
 .text.HardFault_Handler
                0x00000000000002ca        0x2 ./User/ch32v30x_it.o
                0x00000000000002ca                HardFault_Handler
 .text.startup.main
                0x00000000000002cc       0x52 ./User/main.o
                0x00000000000002cc                main
 .text.SystemInit
                0x000000000000031e       0xb2 ./User/system_ch32v30x.o
                0x000000000000031e                SystemInit
 .text.SystemCoreClockUpdate
                0x00000000000003d0      0x12e ./User/system_ch32v30x.o
                0x00000000000003d0                SystemCoreClockUpdate
 .text.vector_handler
                0x00000000000004fe        0x2 ./Startup/startup_ch32v30x_D8C.o
                0x00000000000004fe                EXTI2_IRQHandler
                0x00000000000004fe                TIM8_TRG_COM_IRQHandler
                0x00000000000004fe                TIM8_CC_IRQHandler
                0x00000000000004fe                UART8_IRQHandler
                0x00000000000004fe                TIM1_CC_IRQHandler
                0x00000000000004fe                TIM6_IRQHandler
                0x00000000000004fe                SysTick_Handler
                0x00000000000004fe                PVD_IRQHandler
                0x00000000000004fe                SDIO_IRQHandler
                0x00000000000004fe                TIM9_BRK_IRQHandler
                0x00000000000004fe                DMA2_Channel8_IRQHandler
                0x00000000000004fe                CAN2_RX1_IRQHandler
                0x00000000000004fe                EXTI3_IRQHandler
                0x00000000000004fe                USBHS_IRQHandler
                0x00000000000004fe                DMA2_Channel9_IRQHandler
                0x00000000000004fe                TIM10_CC_IRQHandler
                0x00000000000004fe                USBFS_IRQHandler
                0x00000000000004fe                EXTI0_IRQHandler
                0x00000000000004fe                I2C2_EV_IRQHandler
                0x00000000000004fe                TIM10_TRG_COM_IRQHandler
                0x00000000000004fe                CAN2_SCE_IRQHandler
                0x00000000000004fe                ADC1_2_IRQHandler
                0x00000000000004fe                Break_Point_Handler
                0x00000000000004fe                SPI1_IRQHandler
                0x00000000000004fe                TAMPER_IRQHandler
                0x00000000000004fe                CAN2_RX0_IRQHandler
                0x00000000000004fe                TIM8_UP_IRQHandler
                0x00000000000004fe                Ecall_M_Mode_Handler
                0x00000000000004fe                DMA2_Channel2_IRQHandler
                0x00000000000004fe                DMA1_Channel4_IRQHandler
                0x00000000000004fe                TIM9_UP_IRQHandler
                0x00000000000004fe                USART3_IRQHandler
                0x00000000000004fe                RTC_IRQHandler
                0x00000000000004fe                DMA1_Channel7_IRQHandler
                0x00000000000004fe                CAN1_RX1_IRQHandler
                0x00000000000004fe                DVP_IRQHandler
                0x00000000000004fe                UART5_IRQHandler
                0x00000000000004fe                TIM4_IRQHandler
                0x00000000000004fe                DMA2_Channel1_IRQHandler
                0x00000000000004fe                I2C1_EV_IRQHandler
                0x00000000000004fe                DMA1_Channel6_IRQHandler
                0x00000000000004fe                UART4_IRQHandler
                0x00000000000004fe                DMA2_Channel4_IRQHandler
                0x00000000000004fe                TIM3_IRQHandler
                0x00000000000004fe                RCC_IRQHandler
                0x00000000000004fe                TIM1_TRG_COM_IRQHandler
                0x00000000000004fe                DMA1_Channel1_IRQHandler
                0x00000000000004fe                DMA2_Channel7_IRQHandler
                0x00000000000004fe                EXTI15_10_IRQHandler
                0x00000000000004fe                TIM7_IRQHandler
                0x00000000000004fe                CAN2_TX_IRQHandler
                0x00000000000004fe                TIM5_IRQHandler
                0x00000000000004fe                EXTI9_5_IRQHandler
                0x00000000000004fe                ETH_WKUP_IRQHandler
                0x00000000000004fe                SPI2_IRQHandler
                0x00000000000004fe                TIM10_BRK_IRQHandler
                0x00000000000004fe                TIM9_CC_IRQHandler
                0x00000000000004fe                DMA2_Channel5_IRQHandler
                0x00000000000004fe                DMA1_Channel5_IRQHandler
                0x00000000000004fe                EXTI4_IRQHandler
                0x00000000000004fe                USB_LP_CAN1_RX0_IRQHandler
                0x00000000000004fe                RNG_IRQHandler
                0x00000000000004fe                USB_HP_CAN1_TX_IRQHandler
                0x00000000000004fe                DMA1_Channel3_IRQHandler
                0x00000000000004fe                ETH_IRQHandler
                0x00000000000004fe                TIM1_UP_IRQHandler
                0x00000000000004fe                WWDG_IRQHandler
                0x00000000000004fe                USBHSWakeup_IRQHandler
                0x00000000000004fe                DMA2_Channel11_IRQHandler
                0x00000000000004fe                Ecall_U_Mode_Handler
                0x00000000000004fe                DMA2_Channel6_IRQHandler
                0x00000000000004fe                TIM2_IRQHandler
                0x00000000000004fe                SW_Handler
                0x00000000000004fe                TIM1_BRK_IRQHandler
                0x00000000000004fe                DMA2_Channel10_IRQHandler
                0x00000000000004fe                EXTI1_IRQHandler
                0x00000000000004fe                RTCAlarm_IRQHandler
                0x00000000000004fe                TIM10_UP_IRQHandler
                0x00000000000004fe                TIM9_TRG_COM_IRQHandler
                0x00000000000004fe                UART7_IRQHandler
                0x00000000000004fe                USART2_IRQHandler
                0x00000000000004fe                UART6_IRQHandler
                0x00000000000004fe                I2C2_ER_IRQHandler
                0x00000000000004fe                DMA1_Channel2_IRQHandler
                0x00000000000004fe                TIM8_BRK_IRQHandler
                0x00000000000004fe                CAN1_SCE_IRQHandler
                0x00000000000004fe                FLASH_IRQHandler
                0x00000000000004fe                USART1_IRQHandler
                0x00000000000004fe                SPI3_IRQHandler
                0x00000000000004fe                I2C1_ER_IRQHandler
                0x00000000000004fe                USBWakeUp_IRQHandler
                0x00000000000004fe                DMA2_Channel3_IRQHandler
 .text.handle_reset
                0x0000000000000500       0x8a ./Startup/startup_ch32v30x_D8C.o
                0x0000000000000500                handle_reset
 .text.DBGMCU_GetCHIPID
                0x000000000000058a        0xa ./Peripheral/src/ch32v30x_dbgmcu.o
                0x000000000000058a                DBGMCU_GetCHIPID
 .text.DMA_DeInit
                0x0000000000000594      0x16c ./Peripheral/src/ch32v30x_dma.o
                0x0000000000000594                DMA_DeInit
 .text.DMA_Init
                0x0000000000000700       0x38 ./Peripheral/src/ch32v30x_dma.o
                0x0000000000000700                DMA_Init
 .text.DMA_Cmd  0x0000000000000738       0x14 ./Peripheral/src/ch32v30x_dma.o
                0x0000000000000738                DMA_Cmd
 .text.DMA_SetCurrDataCounter
                0x000000000000074c        0x4 ./Peripheral/src/ch32v30x_dma.o
                0x000000000000074c                DMA_SetCurrDataCounter
 .text.DMA_GetCurrDataCounter
                0x0000000000000750        0x8 ./Peripheral/src/ch32v30x_dma.o
                0x0000000000000750                DMA_GetCurrDataCounter
 .text.DMA_ClearFlag
                0x0000000000000758       0x2c ./Peripheral/src/ch32v30x_dma.o
                0x0000000000000758                DMA_ClearFlag
 .text.GPIO_Init
                0x0000000000000784       0xc0 ./Peripheral/src/ch32v30x_gpio.o
                0x0000000000000784                GPIO_Init
 .text.NVIC_PriorityGroupConfig
                0x0000000000000844        0x6 ./Peripheral/src/ch32v30x_misc.o
                0x0000000000000844                NVIC_PriorityGroupConfig
 .text.RCC_GetClocksFreq
                0x000000000000084a      0x176 ./Peripheral/src/ch32v30x_rcc.o
                0x000000000000084a                RCC_GetClocksFreq
 .text.RCC_AHBPeriphClockCmd
                0x00000000000009c0       0x1e ./Peripheral/src/ch32v30x_rcc.o
                0x00000000000009c0                RCC_AHBPeriphClockCmd
 .text.RCC_APB2PeriphClockCmd
                0x00000000000009de       0x1e ./Peripheral/src/ch32v30x_rcc.o
                0x00000000000009de                RCC_APB2PeriphClockCmd
 .text.RCC_APB1PeriphClockCmd
                0x00000000000009fc       0x1e ./Peripheral/src/ch32v30x_rcc.o
                0x00000000000009fc                RCC_APB1PeriphClockCmd
 .text.USART_Init
                0x0000000000000a1a       0x8e ./Peripheral/src/ch32v30x_usart.o
                0x0000000000000a1a                USART_Init
 .text.USART_Cmd
                0x0000000000000aa8       0x16 ./Peripheral/src/ch32v30x_usart.o
                0x0000000000000aa8                USART_Cmd
 .text.USART_DMACmd
                0x0000000000000abe       0x12 ./Peripheral/src/ch32v30x_usart.o
                0x0000000000000abe                USART_DMACmd
 .text.USART_SendData
                0x0000000000000ad0        0x8 ./Peripheral/src/ch32v30x_usart.o
                0x0000000000000ad0                USART_SendData
 .text.USART_GetFlagStatus
                0x0000000000000ad8        0xa ./Peripheral/src/ch32v30x_usart.o
                0x0000000000000ad8                USART_GetFlagStatus
 .text.USART6_CFG
                0x0000000000000ae2       0x74 ./Hardware/esp8266.o
                0x0000000000000ae2                USART6_CFG
 .text.DMA_INIT
                0x0000000000000b56       0x6a ./Hardware/esp8266.o
                0x0000000000000b56                DMA_INIT
 .text.uartWriteWiFi
                0x0000000000000bc0       0x42 ./Hardware/esp8266.o
                0x0000000000000bc0                uartWriteWiFi
 .text.uartReadWiFi
                0x0000000000000c02       0x74 ./Hardware/esp8266.o
                0x0000000000000c02                uartReadWiFi
 .text.uartWriteWiFiStr
                0x0000000000000c76       0x1e ./Hardware/esp8266.o
                0x0000000000000c76                uartWriteWiFiStr
 .text.uartAvailableWiFi
                0x0000000000000c94       0x32 ./Hardware/esp8266.o
                0x0000000000000c94                uartAvailableWiFi
 .text.RxBuffer_Printf
                0x0000000000000cc6       0x30 ./Hardware/esp8266.o
                0x0000000000000cc6                RxBuffer_Printf
 .text.ESP8266_WIFICONTEST
                0x0000000000000cf6       0x44 ./Hardware/esp8266.o
                0x0000000000000cf6                ESP8266_WIFICONTEST
 .text.ESP8266_MQTTUSERCFG
                0x0000000000000d3a       0x48 ./Hardware/esp8266.o
                0x0000000000000d3a                ESP8266_MQTTUSERCFG
 .text.ESP8266_MQTTSUB
                0x0000000000000d82       0x5a ./Hardware/esp8266.o
                0x0000000000000d82                ESP8266_MQTTSUB
 .text.ESP8266_Init
                0x0000000000000ddc      0x12c ./Hardware/esp8266.o
                0x0000000000000ddc                ESP8266_Init
 .text.Delay_Init
                0x0000000000000f08       0x2a ./Debug/debug.o
                0x0000000000000f08                Delay_Init
 .text.Delay_Ms
                0x0000000000000f32       0x36 ./Debug/debug.o
                0x0000000000000f32                Delay_Ms
 .text.USART_Printf_Init
                0x0000000000000f68       0x5a ./Debug/debug.o
                0x0000000000000f68                USART_Printf_Init
 .text._write   0x0000000000000fc2       0x3a ./Debug/debug.o
                0x0000000000000fc2                _write
 .text._sbrk    0x0000000000000ffc       0x26 ./Debug/debug.o
                0x0000000000000ffc                _sbrk
 .text.memcpy   0x0000000000001022       0xb2 c:/mounriver/mounriver_studio/toolchain/risc-v embedded gcc/bin/../lib/gcc/riscv-none-embed/8.2.0/../../../../riscv-none-embed/lib/rv32imacxw/ilp32\libg_nano.a(lib_a-memcpy.o)
                0x0000000000001022                memcpy
 .text._free_r  0x00000000000010d4       0xa8 c:/mounriver/mounriver_studio/toolchain/risc-v embedded gcc/bin/../lib/gcc/riscv-none-embed/8.2.0/../../../../riscv-none-embed/lib/rv32imacxw/ilp32\libg_nano.a(lib_a-nano-freer.o)
                0x00000000000010d4                _free_r
 .text._malloc_r
                0x000000000000117c       0xd4 c:/mounriver/mounriver_studio/toolchain/risc-v embedded gcc/bin/../lib/gcc/riscv-none-embed/8.2.0/../../../../riscv-none-embed/lib/rv32imacxw/ilp32\libg_nano.a(lib_a-nano-mallocr.o)
                0x000000000000117c                _malloc_r
 .text.printf   0x0000000000001250       0x40 c:/mounriver/mounriver_studio/toolchain/risc-v embedded gcc/bin/../lib/gcc/riscv-none-embed/8.2.0/../../../../riscv-none-embed/lib/rv32imacxw/ilp32\libg_nano.a(lib_a-printf.o)
                0x0000000000001250                iprintf
                0x0000000000001250                printf
 .text._puts_r  0x0000000000001290       0xd4 c:/mounriver/mounriver_studio/toolchain/risc-v embedded gcc/bin/../lib/gcc/riscv-none-embed/8.2.0/../../../../riscv-none-embed/lib/rv32imacxw/ilp32\libg_nano.a(lib_a-puts.o)
                0x0000000000001290                _puts_r
 .text.puts     0x0000000000001364        0xa c:/mounriver/mounriver_studio/toolchain/risc-v embedded gcc/bin/../lib/gcc/riscv-none-embed/8.2.0/../../../../riscv-none-embed/lib/rv32imacxw/ilp32\libg_nano.a(lib_a-puts.o)
                0x0000000000001364                puts
 .text._sbrk_r  0x000000000000136e       0x28 c:/mounriver/mounriver_studio/toolchain/risc-v embedded gcc/bin/../lib/gcc/riscv-none-embed/8.2.0/../../../../riscv-none-embed/lib/rv32imacxw/ilp32\libg_nano.a(lib_a-sbrkr.o)
                0x000000000000136e                _sbrk_r
 .text.sprintf  0x0000000000001396       0x46 c:/mounriver/mounriver_studio/toolchain/risc-v embedded gcc/bin/../lib/gcc/riscv-none-embed/8.2.0/../../../../riscv-none-embed/lib/rv32imacxw/ilp32\libg_nano.a(lib_a-sprintf.o)
                0x0000000000001396                siprintf
                0x0000000000001396                sprintf
 .text.__sread  0x00000000000013dc       0x2e c:/mounriver/mounriver_studio/toolchain/risc-v embedded gcc/bin/../lib/gcc/riscv-none-embed/8.2.0/../../../../riscv-none-embed/lib/rv32imacxw/ilp32\libg_nano.a(lib_a-stdio.o)
                0x00000000000013dc                __sread
 .text.__swrite
                0x000000000000140a       0x48 c:/mounriver/mounriver_studio/toolchain/risc-v embedded gcc/bin/../lib/gcc/riscv-none-embed/8.2.0/../../../../riscv-none-embed/lib/rv32imacxw/ilp32\libg_nano.a(lib_a-stdio.o)
                0x000000000000140a                __swrite
 .text.__sseek  0x0000000000001452       0x30 c:/mounriver/mounriver_studio/toolchain/risc-v embedded gcc/bin/../lib/gcc/riscv-none-embed/8.2.0/../../../../riscv-none-embed/lib/rv32imacxw/ilp32\libg_nano.a(lib_a-stdio.o)
                0x0000000000001452                __sseek
 .text.__sclose
                0x0000000000001482        0x6 c:/mounriver/mounriver_studio/toolchain/risc-v embedded gcc/bin/../lib/gcc/riscv-none-embed/8.2.0/../../../../riscv-none-embed/lib/rv32imacxw/ilp32\libg_nano.a(lib_a-stdio.o)
                0x0000000000001482                __sclose
 .text.__swbuf_r
                0x0000000000001488       0xbc c:/mounriver/mounriver_studio/toolchain/risc-v embedded gcc/bin/../lib/gcc/riscv-none-embed/8.2.0/../../../../riscv-none-embed/lib/rv32imacxw/ilp32\libg_nano.a(lib_a-wbuf.o)
                0x0000000000001488                __swbuf_r
 .text._write_r
                0x0000000000001544       0x2e c:/mounriver/mounriver_studio/toolchain/risc-v embedded gcc/bin/../lib/gcc/riscv-none-embed/8.2.0/../../../../riscv-none-embed/lib/rv32imacxw/ilp32\libg_nano.a(lib_a-writer.o)
                0x0000000000001544                _write_r
 .text.__swsetup_r
                0x0000000000001572       0xfe c:/mounriver/mounriver_studio/toolchain/risc-v embedded gcc/bin/../lib/gcc/riscv-none-embed/8.2.0/../../../../riscv-none-embed/lib/rv32imacxw/ilp32\libg_nano.a(lib_a-wsetup.o)
                0x0000000000001572                __swsetup_r
 .text._close_r
                0x0000000000001670       0x2a c:/mounriver/mounriver_studio/toolchain/risc-v embedded gcc/bin/../lib/gcc/riscv-none-embed/8.2.0/../../../../riscv-none-embed/lib/rv32imacxw/ilp32\libg_nano.a(lib_a-closer.o)
                0x0000000000001670                _close_r
 .text.__sflush_r
                0x000000000000169a      0x132 c:/mounriver/mounriver_studio/toolchain/risc-v embedded gcc/bin/../lib/gcc/riscv-none-embed/8.2.0/../../../../riscv-none-embed/lib/rv32imacxw/ilp32\libg_nano.a(lib_a-fflush.o)
                0x000000000000169a                __sflush_r
 .text._fflush_r
                0x00000000000017cc       0x64 c:/mounriver/mounriver_studio/toolchain/risc-v embedded gcc/bin/../lib/gcc/riscv-none-embed/8.2.0/../../../../riscv-none-embed/lib/rv32imacxw/ilp32\libg_nano.a(lib_a-fflush.o)
                0x00000000000017cc                _fflush_r
 .text.std      0x0000000000001830       0x66 c:/mounriver/mounriver_studio/toolchain/risc-v embedded gcc/bin/../lib/gcc/riscv-none-embed/8.2.0/../../../../riscv-none-embed/lib/rv32imacxw/ilp32\libg_nano.a(lib_a-findfp.o)
 .text._cleanup_r
                0x0000000000001896        0xa c:/mounriver/mounriver_studio/toolchain/risc-v embedded gcc/bin/../lib/gcc/riscv-none-embed/8.2.0/../../../../riscv-none-embed/lib/rv32imacxw/ilp32\libg_nano.a(lib_a-findfp.o)
                0x0000000000001896                _cleanup_r
 .text.__sfmoreglue
                0x00000000000018a0       0x48 c:/mounriver/mounriver_studio/toolchain/risc-v embedded gcc/bin/../lib/gcc/riscv-none-embed/8.2.0/../../../../riscv-none-embed/lib/rv32imacxw/ilp32\libg_nano.a(lib_a-findfp.o)
                0x00000000000018a0                __sfmoreglue
 .text.__sinit  0x00000000000018e8       0x66 c:/mounriver/mounriver_studio/toolchain/risc-v embedded gcc/bin/../lib/gcc/riscv-none-embed/8.2.0/../../../../riscv-none-embed/lib/rv32imacxw/ilp32\libg_nano.a(lib_a-findfp.o)
                0x00000000000018e8                __sinit
 .text.__sfp    0x000000000000194e       0x9c c:/mounriver/mounriver_studio/toolchain/risc-v embedded gcc/bin/../lib/gcc/riscv-none-embed/8.2.0/../../../../riscv-none-embed/lib/rv32imacxw/ilp32\libg_nano.a(lib_a-findfp.o)
                0x000000000000194e                __sfp
 .text._fwalk_reent
                0x00000000000019ea       0x6a c:/mounriver/mounriver_studio/toolchain/risc-v embedded gcc/bin/../lib/gcc/riscv-none-embed/8.2.0/../../../../riscv-none-embed/lib/rv32imacxw/ilp32\libg_nano.a(lib_a-fwalk.o)
                0x00000000000019ea                _fwalk_reent
 .text._lseek_r
                0x0000000000001a54       0x2e c:/mounriver/mounriver_studio/toolchain/risc-v embedded gcc/bin/../lib/gcc/riscv-none-embed/8.2.0/../../../../riscv-none-embed/lib/rv32imacxw/ilp32\libg_nano.a(lib_a-lseekr.o)
                0x0000000000001a54                _lseek_r
 .text.__swhatbuf_r
                0x0000000000001a82       0x58 c:/mounriver/mounriver_studio/toolchain/risc-v embedded gcc/bin/../lib/gcc/riscv-none-embed/8.2.0/../../../../riscv-none-embed/lib/rv32imacxw/ilp32\libg_nano.a(lib_a-makebuf.o)
                0x0000000000001a82                __swhatbuf_r
 .text.__smakebuf_r
                0x0000000000001ada       0x92 c:/mounriver/mounriver_studio/toolchain/risc-v embedded gcc/bin/../lib/gcc/riscv-none-embed/8.2.0/../../../../riscv-none-embed/lib/rv32imacxw/ilp32\libg_nano.a(lib_a-makebuf.o)
                0x0000000000001ada                __smakebuf_r
 .text.__malloc_lock
                0x0000000000001b6c        0x2 c:/mounriver/mounriver_studio/toolchain/risc-v embedded gcc/bin/../lib/gcc/riscv-none-embed/8.2.0/../../../../riscv-none-embed/lib/rv32imacxw/ilp32\libg_nano.a(lib_a-mlock.o)
                0x0000000000001b6c                __malloc_lock
 .text.__malloc_unlock
                0x0000000000001b6e        0x2 c:/mounriver/mounriver_studio/toolchain/risc-v embedded gcc/bin/../lib/gcc/riscv-none-embed/8.2.0/../../../../riscv-none-embed/lib/rv32imacxw/ilp32\libg_nano.a(lib_a-mlock.o)
                0x0000000000001b6e                __malloc_unlock
 .text._realloc_r
                0x0000000000001b70       0x5a c:/mounriver/mounriver_studio/toolchain/risc-v embedded gcc/bin/../lib/gcc/riscv-none-embed/8.2.0/../../../../riscv-none-embed/lib/rv32imacxw/ilp32\libg_nano.a(lib_a-nano-reallocr.o)
                0x0000000000001b70                _realloc_r
 .text.__ssputs_r
                0x0000000000001bca       0xe2 c:/mounriver/mounriver_studio/toolchain/risc-v embedded gcc/bin/../lib/gcc/riscv-none-embed/8.2.0/../../../../riscv-none-embed/lib/rv32imacxw/ilp32\libg_nano.a(lib_a-nano-svfprintf.o)
                0x0000000000001bca                __ssputs_r
 .text._svfprintf_r
                0x0000000000001cac      0x268 c:/mounriver/mounriver_studio/toolchain/risc-v embedded gcc/bin/../lib/gcc/riscv-none-embed/8.2.0/../../../../riscv-none-embed/lib/rv32imacxw/ilp32\libg_nano.a(lib_a-nano-svfprintf.o)
                0x0000000000001cac                _svfiprintf_r
                0x0000000000001cac                _svfprintf_r
 .text.__sfputc_r
                0x0000000000001f14       0x28 c:/mounriver/mounriver_studio/toolchain/risc-v embedded gcc/bin/../lib/gcc/riscv-none-embed/8.2.0/../../../../riscv-none-embed/lib/rv32imacxw/ilp32\libg_nano.a(lib_a-nano-vfprintf.o)
 .text.__sfputs_r
                0x0000000000001f3c       0x40 c:/mounriver/mounriver_studio/toolchain/risc-v embedded gcc/bin/../lib/gcc/riscv-none-embed/8.2.0/../../../../riscv-none-embed/lib/rv32imacxw/ilp32\libg_nano.a(lib_a-nano-vfprintf.o)
                0x0000000000001f3c                __sfputs_r
 .text._vfprintf_r
                0x0000000000001f7c      0x286 c:/mounriver/mounriver_studio/toolchain/risc-v embedded gcc/bin/../lib/gcc/riscv-none-embed/8.2.0/../../../../riscv-none-embed/lib/rv32imacxw/ilp32\libg_nano.a(lib_a-nano-vfprintf.o)
                0x0000000000001f7c                _vfprintf_r
                0x0000000000001f7c                _vfiprintf_r
 .text._printf_common
                0x0000000000002202      0x10c c:/mounriver/mounriver_studio/toolchain/risc-v embedded gcc/bin/../lib/gcc/riscv-none-embed/8.2.0/../../../../riscv-none-embed/lib/rv32imacxw/ilp32\libg_nano.a(lib_a-nano-vfprintf_i.o)
                0x0000000000002202                _printf_common
 .text._printf_i
                0x000000000000230e      0x2a0 c:/mounriver/mounriver_studio/toolchain/risc-v embedded gcc/bin/../lib/gcc/riscv-none-embed/8.2.0/../../../../riscv-none-embed/lib/rv32imacxw/ilp32\libg_nano.a(lib_a-nano-vfprintf_i.o)
                0x000000000000230e                _printf_i
 .text._read_r  0x00000000000025ae       0x2c c:/mounriver/mounriver_studio/toolchain/risc-v embedded gcc/bin/../lib/gcc/riscv-none-embed/8.2.0/../../../../riscv-none-embed/lib/rv32imacxw/ilp32\libg_nano.a(lib_a-readr.o)
                0x00000000000025ae                _read_r
 .text._fstat_r
                0x00000000000025da       0x2a c:/mounriver/mounriver_studio/toolchain/risc-v embedded gcc/bin/../lib/gcc/riscv-none-embed/8.2.0/../../../../riscv-none-embed/lib/rv32imacxw/ilp32\libg_nano.a(lib_a-fstatr.o)
                0x00000000000025da                _fstat_r
 .text._isatty_r
                0x0000000000002604       0x28 c:/mounriver/mounriver_studio/toolchain/risc-v embedded gcc/bin/../lib/gcc/riscv-none-embed/8.2.0/../../../../riscv-none-embed/lib/rv32imacxw/ilp32\libg_nano.a(lib_a-isattyr.o)
                0x0000000000002604                _isatty_r
 .text.memchr   0x000000000000262c       0x18 c:/mounriver/mounriver_studio/toolchain/risc-v embedded gcc/bin/../lib/gcc/riscv-none-embed/8.2.0/../../../../riscv-none-embed/lib/rv32imacxw/ilp32\libg_nano.a(lib_a-memchr.o)
                0x000000000000262c                memchr
 .text.memmove  0x0000000000002644       0x46 c:/mounriver/mounriver_studio/toolchain/risc-v embedded gcc/bin/../lib/gcc/riscv-none-embed/8.2.0/../../../../riscv-none-embed/lib/rv32imacxw/ilp32\libg_nano.a(lib_a-memmove.o)
                0x0000000000002644                memmove
 .text._malloc_usable_size_r
                0x000000000000268a       0x14 c:/mounriver/mounriver_studio/toolchain/risc-v embedded gcc/bin/../lib/gcc/riscv-none-embed/8.2.0/../../../../riscv-none-embed/lib/rv32imacxw/ilp32\libg_nano.a(lib_a-nano-msizer.o)
                0x000000000000268a                _malloc_usable_size_r
 .text._close   0x000000000000269e        0xc c:/mounriver/mounriver_studio/toolchain/risc-v embedded gcc/bin/../lib/gcc/riscv-none-embed/8.2.0/../../../../riscv-none-embed/lib/rv32imacxw/ilp32\libnosys.a(close.o)
                0x000000000000269e                _close
 .text._fstat   0x00000000000026aa        0xc c:/mounriver/mounriver_studio/toolchain/risc-v embedded gcc/bin/../lib/gcc/riscv-none-embed/8.2.0/../../../../riscv-none-embed/lib/rv32imacxw/ilp32\libnosys.a(fstat.o)
                0x00000000000026aa                _fstat
 .text._isatty  0x00000000000026b6        0xc c:/mounriver/mounriver_studio/toolchain/risc-v embedded gcc/bin/../lib/gcc/riscv-none-embed/8.2.0/../../../../riscv-none-embed/lib/rv32imacxw/ilp32\libnosys.a(isatty.o)
                0x00000000000026b6                _isatty
 .text._lseek   0x00000000000026c2        0xc c:/mounriver/mounriver_studio/toolchain/risc-v embedded gcc/bin/../lib/gcc/riscv-none-embed/8.2.0/../../../../riscv-none-embed/lib/rv32imacxw/ilp32\libnosys.a(lseek.o)
                0x00000000000026c2                _lseek
 .text._read    0x00000000000026ce        0xc c:/mounriver/mounriver_studio/toolchain/risc-v embedded gcc/bin/../lib/gcc/riscv-none-embed/8.2.0/../../../../riscv-none-embed/lib/rv32imacxw/ilp32\libnosys.a(read.o)
                0x00000000000026ce                _read
 *(.rodata)
 *fill*         0x00000000000026da        0x2 
 .rodata        0x00000000000026dc      0x400 ./Hardware/esp8266.o
 *(.rodata*)
 .rodata.main.str1.4
                0x0000000000002adc       0x38 ./User/main.o
 .rodata.ESP8266_Init.str1.4
                0x0000000000002b14       0xc0 ./Hardware/esp8266.o
 .rodata.ESP8266_MQTTSUB.str1.4
                0x0000000000002bd4       0x1b ./Hardware/esp8266.o
 *fill*         0x0000000000002bef        0x1 
 .rodata.ESP8266_MQTTUSERCFG.str1.4
                0x0000000000002bf0       0x2b ./Hardware/esp8266.o
 *fill*         0x0000000000002c1b        0x1 
 .rodata.ESP8266_WIFICONTEST.str1.4
                0x0000000000002c1c       0x15 ./Hardware/esp8266.o
 *fill*         0x0000000000002c31        0x3 
 .rodata.RxBuffer_Printf.str1.4
                0x0000000000002c34        0x5 ./Hardware/esp8266.o
 *fill*         0x0000000000002c39        0x3 
 .rodata.str1.4
                0x0000000000002c3c       0xe4 ./Hardware/esp8266.o
 .rodata.__sf_fake_stderr
                0x0000000000002d20       0x20 c:/mounriver/mounriver_studio/toolchain/risc-v embedded gcc/bin/../lib/gcc/riscv-none-embed/8.2.0/../../../../riscv-none-embed/lib/rv32imacxw/ilp32\libg_nano.a(lib_a-findfp.o)
                0x0000000000002d20                __sf_fake_stderr
 .rodata.__sf_fake_stdin
                0x0000000000002d40       0x20 c:/mounriver/mounriver_studio/toolchain/risc-v embedded gcc/bin/../lib/gcc/riscv-none-embed/8.2.0/../../../../riscv-none-embed/lib/rv32imacxw/ilp32\libg_nano.a(lib_a-findfp.o)
                0x0000000000002d40                __sf_fake_stdin
 .rodata.__sf_fake_stdout
                0x0000000000002d60       0x20 c:/mounriver/mounriver_studio/toolchain/risc-v embedded gcc/bin/../lib/gcc/riscv-none-embed/8.2.0/../../../../riscv-none-embed/lib/rv32imacxw/ilp32\libg_nano.a(lib_a-findfp.o)
                0x0000000000002d60                __sf_fake_stdout
 .rodata._svfprintf_r.str1.4
                0x0000000000002d80       0x13 c:/mounriver/mounriver_studio/toolchain/risc-v embedded gcc/bin/../lib/gcc/riscv-none-embed/8.2.0/../../../../riscv-none-embed/lib/rv32imacxw/ilp32\libg_nano.a(lib_a-nano-svfprintf.o)
 .rodata._vfprintf_r.str1.4
                0x0000000000002d93       0x13 c:/mounriver/mounriver_studio/toolchain/risc-v embedded gcc/bin/../lib/gcc/riscv-none-embed/8.2.0/../../../../riscv-none-embed/lib/rv32imacxw/ilp32\libg_nano.a(lib_a-nano-vfprintf.o)
 *fill*         0x0000000000002d93        0x1 
 .rodata._printf_i.str1.4
                0x0000000000002d94       0x28 c:/mounriver/mounriver_studio/toolchain/risc-v embedded gcc/bin/../lib/gcc/riscv-none-embed/8.2.0/../../../../riscv-none-embed/lib/rv32imacxw/ilp32\libg_nano.a(lib_a-nano-vfprintf_i.o)
                                         0x25 (size before relaxing)
 *(.gnu.linkonce.t.*)
                0x0000000000002dbc                . = ALIGN (0x4)

.rela.dyn       0x0000000000002dbc        0x0
 .rela.init     0x0000000000002dbc        0x0 ./User/ch32v30x_it.o
 .rela.vector   0x0000000000002dbc        0x0 ./User/ch32v30x_it.o
 .rela.text.handle_reset
                0x0000000000002dbc        0x0 ./User/ch32v30x_it.o
 .rela.text._sbrk
                0x0000000000002dbc        0x0 ./User/ch32v30x_it.o
 .rela.sdata.curbrk.5264
                0x0000000000002dbc        0x0 ./User/ch32v30x_it.o
 .rela.text._sbrk_r
                0x0000000000002dbc        0x0 ./User/ch32v30x_it.o
 .rela.text._write_r
                0x0000000000002dbc        0x0 ./User/ch32v30x_it.o
 .rela.text._close_r
                0x0000000000002dbc        0x0 ./User/ch32v30x_it.o
 .rela.text._lseek_r
                0x0000000000002dbc        0x0 ./User/ch32v30x_it.o
 .rela.text._svfprintf_r
                0x0000000000002dbc        0x0 ./User/ch32v30x_it.o
 .rela.text._vfprintf_r
                0x0000000000002dbc        0x0 ./User/ch32v30x_it.o
 .rela.text._read_r
                0x0000000000002dbc        0x0 ./User/ch32v30x_it.o
 .rela.text._fstat_r
                0x0000000000002dbc        0x0 ./User/ch32v30x_it.o
 .rela.text._isatty_r
                0x0000000000002dbc        0x0 ./User/ch32v30x_it.o
 .rela.text._close
                0x0000000000002dbc        0x0 ./User/ch32v30x_it.o
 .rela.text._fstat
                0x0000000000002dbc        0x0 ./User/ch32v30x_it.o
 .rela.text._isatty
                0x0000000000002dbc        0x0 ./User/ch32v30x_it.o
 .rela.text._lseek
                0x0000000000002dbc        0x0 ./User/ch32v30x_it.o
 .rela.text._read
                0x0000000000002dbc        0x0 ./User/ch32v30x_it.o

.fini           0x0000000000002dbc        0x0
 *(SORT_NONE(.fini))
                0x0000000000002dbc                . = ALIGN (0x4)
                [!provide]                        PROVIDE (_etext = .)
                [!provide]                        PROVIDE (_eitcm = .)

.preinit_array  0x0000000000002dbc        0x0
                [!provide]                        PROVIDE (__preinit_array_start = .)
 *(.preinit_array)
                [!provide]                        PROVIDE (__preinit_array_end = .)

.init_array     0x0000000000002dbc        0x0
                [!provide]                        PROVIDE (__init_array_start = .)
 *(SORT_BY_INIT_PRIORITY(.init_array.*) SORT_BY_INIT_PRIORITY(.ctors.*))
 *(.init_array EXCLUDE_FILE(*crtend?.o *crtend.o *crtbegin?.o *crtbegin.o) .ctors)
                [!provide]                        PROVIDE (__init_array_end = .)

.fini_array     0x0000000000002dbc        0x0
                [!provide]                        PROVIDE (__fini_array_start = .)
 *(SORT_BY_INIT_PRIORITY(.fini_array.*) SORT_BY_INIT_PRIORITY(.dtors.*))
 *(.fini_array EXCLUDE_FILE(*crtend?.o *crtend.o *crtbegin?.o *crtbegin.o) .dtors)
                [!provide]                        PROVIDE (__fini_array_end = .)

.ctors
 *crtbegin.o(.ctors)
 *crtbegin?.o(.ctors)
 *(EXCLUDE_FILE(*crtend?.o *crtend.o) .ctors)
 *(SORT_BY_NAME(.ctors.*))
 *(.ctors)

.dtors
 *crtbegin.o(.dtors)
 *crtbegin?.o(.dtors)
 *(EXCLUDE_FILE(*crtend?.o *crtend.o) .dtors)
 *(SORT_BY_NAME(.dtors.*))
 *(.dtors)

.dalign         0x0000000020000000        0x0 load address 0x0000000000002dbc
                0x0000000020000000                . = ALIGN (0x4)
                0x0000000020000000                PROVIDE (_data_vma = .)

.dlalign        0x0000000000002dbc        0x0
                0x0000000000002dbc                . = ALIGN (0x4)
                0x0000000000002dbc                PROVIDE (_data_lma = .)

.data           0x0000000020000000       0xa0 load address 0x0000000000002dbc
 *(.gnu.linkonce.r.*)
 *(.data .data.*)
 .data.AHBPrescTable
                0x0000000020000000       0x10 ./User/system_ch32v30x.o
                0x0000000020000000                AHBPrescTable
 .data.APBAHBPrescTable
                0x0000000020000010       0x10 ./Peripheral/src/ch32v30x_rcc.o
 .data.impure_data
                0x0000000020000020       0x60 c:/mounriver/mounriver_studio/toolchain/risc-v embedded gcc/bin/../lib/gcc/riscv-none-embed/8.2.0/../../../../riscv-none-embed/lib/rv32imacxw/ilp32\libg_nano.a(lib_a-impure.o)
 *(.gnu.linkonce.d.*)
                0x0000000020000080                . = ALIGN (0x8)
                0x0000000020000880                PROVIDE (__global_pointer$ = (. + 0x800))
 *(.sdata .sdata.*)
 .sdata.SystemCoreClock
                0x0000000020000080        0x4 ./User/system_ch32v30x.o
                0x0000000020000080                SystemCoreClock
 .sdata.ADCPrescTable
                0x0000000020000084        0x4 ./Peripheral/src/ch32v30x_rcc.o
 .sdata.Token   0x0000000020000088        0x4 ./Hardware/esp8266.o
                0x0000000020000088                Token
 .sdata.subscribe
                0x000000002000008c        0x4 ./Hardware/esp8266.o
                0x000000002000008c                subscribe
 .sdata.curbrk.5264
                0x0000000020000090        0x4 ./Debug/debug.o
 .sdata._impure_ptr
                0x0000000020000094        0x4 c:/mounriver/mounriver_studio/toolchain/risc-v embedded gcc/bin/../lib/gcc/riscv-none-embed/8.2.0/../../../../riscv-none-embed/lib/rv32imacxw/ilp32\libg_nano.a(lib_a-impure.o)
                0x0000000020000094                _impure_ptr
 *(.sdata2.*)
 .sdata2._global_impure_ptr
                0x0000000020000098        0x4 c:/mounriver/mounriver_studio/toolchain/risc-v embedded gcc/bin/../lib/gcc/riscv-none-embed/8.2.0/../../../../riscv-none-embed/lib/rv32imacxw/ilp32\libg_nano.a(lib_a-impure.o)
                0x0000000020000098                _global_impure_ptr
 *(.gnu.linkonce.s.*)
                0x00000000200000a0                . = ALIGN (0x8)
 *fill*         0x000000002000009c        0x4 
 *(.srodata.cst16)
 *(.srodata.cst8)
 *(.srodata.cst4)
 *(.srodata.cst2)
 *(.srodata .srodata.*)
                0x00000000200000a0                . = ALIGN (0x4)
                0x00000000200000a0                PROVIDE (_edata = .)

.bss            0x00000000200000a0      0x418 load address 0x0000000000002e5c
                0x00000000200000a0                . = ALIGN (0x4)
                0x00000000200000a0                PROVIDE (_sbss = .)
 *(.sbss*)
 .sbss.NVIC_Priority_Group
                0x00000000200000a0        0x4 ./Peripheral/src/ch32v30x_misc.o
                0x00000000200000a0                NVIC_Priority_Group
 .sbss.TxBuffer
                0x00000000200000a4        0x2 ./Hardware/esp8266.o
                0x00000000200000a4                TxBuffer
 .sbss.rxBufferReadPos
                0x00000000200000a6        0x2 ./Hardware/esp8266.o
                0x00000000200000a6                rxBufferReadPos
 .sbss.p_ms     0x00000000200000a8        0x2 ./Debug/debug.o
 .sbss.p_us     0x00000000200000aa        0x1 ./Debug/debug.o
 *fill*         0x00000000200000ab        0x1 
 .sbss.__malloc_free_list
                0x00000000200000ac        0x4 c:/mounriver/mounriver_studio/toolchain/risc-v embedded gcc/bin/../lib/gcc/riscv-none-embed/8.2.0/../../../../riscv-none-embed/lib/rv32imacxw/ilp32\libg_nano.a(lib_a-nano-mallocr.o)
                0x00000000200000ac                __malloc_free_list
 .sbss.__malloc_sbrk_start
                0x00000000200000b0        0x4 c:/mounriver/mounriver_studio/toolchain/risc-v embedded gcc/bin/../lib/gcc/riscv-none-embed/8.2.0/../../../../riscv-none-embed/lib/rv32imacxw/ilp32\libg_nano.a(lib_a-nano-mallocr.o)
                0x00000000200000b0                __malloc_sbrk_start
 *(.gnu.linkonce.sb.*)
 *(.bss*)
 .bss.RxBuffer  0x00000000200000b4      0x400 ./Hardware/esp8266.o
                0x00000000200000b4                RxBuffer
 *(.gnu.linkonce.b.*)
 *(COMMON*)
 COMMON         0x00000000200004b4        0x4 c:/mounriver/mounriver_studio/toolchain/risc-v embedded gcc/bin/../lib/gcc/riscv-none-embed/8.2.0/../../../../riscv-none-embed/lib/rv32imacxw/ilp32\libg_nano.a(lib_a-reent.o)
                0x00000000200004b4                errno
                0x00000000200004b8                . = ALIGN (0x4)
                0x00000000200004b8                PROVIDE (_ebss = .)
                0x00000000200004b8                PROVIDE (_end = _ebss)
                [!provide]                        PROVIDE (end = .)

.stack          0x0000000020007800      0x800
                0x0000000020007800                PROVIDE (_heap_end = .)
                0x0000000020007800                . = ALIGN (0x4)
                [!provide]                        PROVIDE (_susrstack = .)
                0x0000000020008000                . = (. + __stack_size)
 *fill*         0x0000000020007800      0x800 
                0x0000000020008000                PROVIDE (_eusrstack = .)
OUTPUT(esp8266_onenet.elf elf32-littleriscv)

.debug_info     0x0000000000000000     0xad21
 .debug_info    0x0000000000000000      0x962 ./User/ch32v30x_it.o
 .debug_info    0x0000000000000962      0xa5f ./User/main.o
 .debug_info    0x00000000000013c1      0xb31 ./User/system_ch32v30x.o
 .debug_info    0x0000000000001ef2       0x22 ./Startup/startup_ch32v30x_D8C.o
 .debug_info    0x0000000000001f14      0xa94 ./Peripheral/src/ch32v30x_dbgmcu.o
 .debug_info    0x00000000000029a8      0xd16 ./Peripheral/src/ch32v30x_dma.o
 .debug_info    0x00000000000036be     0x11b0 ./Peripheral/src/ch32v30x_gpio.o
 .debug_info    0x000000000000486e      0xf60 ./Peripheral/src/ch32v30x_misc.o
 .debug_info    0x00000000000057ce     0x156e ./Peripheral/src/ch32v30x_rcc.o
 .debug_info    0x0000000000006d3c     0x13b1 ./Peripheral/src/ch32v30x_usart.o
 .debug_info    0x00000000000080ed     0x1ce1 ./Hardware/esp8266.o
 .debug_info    0x0000000000009dce      0xf53 ./Debug/debug.o

.debug_abbrev   0x0000000000000000     0x1fbb
 .debug_abbrev  0x0000000000000000      0x1cf ./User/ch32v30x_it.o
 .debug_abbrev  0x00000000000001cf      0x21b ./User/main.o
 .debug_abbrev  0x00000000000003ea      0x28b ./User/system_ch32v30x.o
 .debug_abbrev  0x0000000000000675       0x12 ./Startup/startup_ch32v30x_D8C.o
 .debug_abbrev  0x0000000000000687      0x2f7 ./Peripheral/src/ch32v30x_dbgmcu.o
 .debug_abbrev  0x000000000000097e      0x2fd ./Peripheral/src/ch32v30x_dma.o
 .debug_abbrev  0x0000000000000c7b      0x31a ./Peripheral/src/ch32v30x_gpio.o
 .debug_abbrev  0x0000000000000f95      0x2e3 ./Peripheral/src/ch32v30x_misc.o
 .debug_abbrev  0x0000000000001278      0x351 ./Peripheral/src/ch32v30x_rcc.o
 .debug_abbrev  0x00000000000015c9      0x312 ./Peripheral/src/ch32v30x_usart.o
 .debug_abbrev  0x00000000000018db      0x3eb ./Hardware/esp8266.o
 .debug_abbrev  0x0000000000001cc6      0x2f5 ./Debug/debug.o

.debug_aranges  0x0000000000000000      0x590
 .debug_aranges
                0x0000000000000000       0x28 ./User/ch32v30x_it.o
 .debug_aranges
                0x0000000000000028       0x20 ./User/main.o
 .debug_aranges
                0x0000000000000048       0x28 ./User/system_ch32v30x.o
 .debug_aranges
                0x0000000000000070       0x30 ./Startup/startup_ch32v30x_D8C.o
 .debug_aranges
                0x00000000000000a0       0x48 ./Peripheral/src/ch32v30x_dbgmcu.o
 .debug_aranges
                0x00000000000000e8       0x60 ./Peripheral/src/ch32v30x_dma.o
 .debug_aranges
                0x0000000000000148       0xb0 ./Peripheral/src/ch32v30x_gpio.o
 .debug_aranges
                0x00000000000001f8       0x28 ./Peripheral/src/ch32v30x_misc.o
 .debug_aranges
                0x0000000000000220      0x1a8 ./Peripheral/src/ch32v30x_rcc.o
 .debug_aranges
                0x00000000000003c8       0xf0 ./Peripheral/src/ch32v30x_usart.o
 .debug_aranges
                0x00000000000004b8       0x88 ./Hardware/esp8266.o
 .debug_aranges
                0x0000000000000540       0x50 ./Debug/debug.o

.debug_ranges   0x0000000000000000      0x520
 .debug_ranges  0x0000000000000000       0x18 ./User/ch32v30x_it.o
 .debug_ranges  0x0000000000000018       0x10 ./User/main.o
 .debug_ranges  0x0000000000000028       0x18 ./User/system_ch32v30x.o
 .debug_ranges  0x0000000000000040       0x28 ./Startup/startup_ch32v30x_D8C.o
 .debug_ranges  0x0000000000000068       0x50 ./Peripheral/src/ch32v30x_dbgmcu.o
 .debug_ranges  0x00000000000000b8       0x50 ./Peripheral/src/ch32v30x_dma.o
 .debug_ranges  0x0000000000000108       0xa0 ./Peripheral/src/ch32v30x_gpio.o
 .debug_ranges  0x00000000000001a8       0x48 ./Peripheral/src/ch32v30x_misc.o
 .debug_ranges  0x00000000000001f0      0x198 ./Peripheral/src/ch32v30x_rcc.o
 .debug_ranges  0x0000000000000388       0xe0 ./Peripheral/src/ch32v30x_usart.o
 .debug_ranges  0x0000000000000468       0x78 ./Hardware/esp8266.o
 .debug_ranges  0x00000000000004e0       0x40 ./Debug/debug.o

.debug_line     0x0000000000000000     0x708e
 .debug_line    0x0000000000000000      0x23c ./User/ch32v30x_it.o
 .debug_line    0x000000000000023c      0x3ae ./User/main.o
 .debug_line    0x00000000000005ea      0x7ba ./User/system_ch32v30x.o
 .debug_line    0x0000000000000da4      0x122 ./Startup/startup_ch32v30x_D8C.o
 .debug_line    0x0000000000000ec6      0x37f ./Peripheral/src/ch32v30x_dbgmcu.o
 .debug_line    0x0000000000001245      0x9d2 ./Peripheral/src/ch32v30x_dma.o
 .debug_line    0x0000000000001c17      0xfdf ./Peripheral/src/ch32v30x_gpio.o
 .debug_line    0x0000000000002bf6      0x3cf ./Peripheral/src/ch32v30x_misc.o
 .debug_line    0x0000000000002fc5     0x198a ./Peripheral/src/ch32v30x_rcc.o
 .debug_line    0x000000000000494f      0xef7 ./Peripheral/src/ch32v30x_usart.o
 .debug_line    0x0000000000005846     0x110c ./Hardware/esp8266.o
 .debug_line    0x0000000000006952      0x73c ./Debug/debug.o

.debug_str      0x0000000000000000     0x2167
 .debug_str     0x0000000000000000      0x552 ./User/ch32v30x_it.o
                                        0x5b3 (size before relaxing)
 .debug_str     0x0000000000000552       0x98 ./User/main.o
                                        0x628 (size before relaxing)
 .debug_str     0x00000000000005ea       0xf0 ./User/system_ch32v30x.o
                                        0x6a0 (size before relaxing)
 .debug_str     0x00000000000006da       0x2e ./Startup/startup_ch32v30x_D8C.o
                                         0x67 (size before relaxing)
 .debug_str     0x0000000000000708       0xa6 ./Peripheral/src/ch32v30x_dbgmcu.o
                                        0x643 (size before relaxing)
 .debug_str     0x00000000000007ae      0x226 ./Peripheral/src/ch32v30x_dma.o
                                        0x7f0 (size before relaxing)
 .debug_str     0x00000000000009d4      0x3cf ./Peripheral/src/ch32v30x_gpio.o
                                        0x9ad (size before relaxing)
 .debug_str     0x0000000000000da3      0x6d9 ./Peripheral/src/ch32v30x_misc.o
                                        0xcb6 (size before relaxing)
 .debug_str     0x000000000000147c      0x5db ./Peripheral/src/ch32v30x_rcc.o
                                        0xcc7 (size before relaxing)
 .debug_str     0x0000000000001a57      0x3fb ./Peripheral/src/ch32v30x_usart.o
                                        0xae7 (size before relaxing)
 .debug_str     0x0000000000001e52      0x298 ./Hardware/esp8266.o
                                        0xca2 (size before relaxing)
 .debug_str     0x00000000000020ea       0x7d ./Debug/debug.o
                                        0x925 (size before relaxing)

.comment        0x0000000000000000       0x33
 .comment       0x0000000000000000       0x33 ./User/ch32v30x_it.o
                                         0x34 (size before relaxing)
 .comment       0x0000000000000033       0x34 ./User/main.o
 .comment       0x0000000000000033       0x34 ./User/system_ch32v30x.o
 .comment       0x0000000000000033       0x34 ./Peripheral/src/ch32v30x_dbgmcu.o
 .comment       0x0000000000000033       0x34 ./Peripheral/src/ch32v30x_dma.o
 .comment       0x0000000000000033       0x34 ./Peripheral/src/ch32v30x_gpio.o
 .comment       0x0000000000000033       0x34 ./Peripheral/src/ch32v30x_misc.o
 .comment       0x0000000000000033       0x34 ./Peripheral/src/ch32v30x_rcc.o
 .comment       0x0000000000000033       0x34 ./Peripheral/src/ch32v30x_usart.o
 .comment       0x0000000000000033       0x34 ./Hardware/esp8266.o
 .comment       0x0000000000000033       0x34 ./Debug/debug.o

.debug_frame    0x0000000000000000     0x1638
 .debug_frame   0x0000000000000000       0x30 ./User/ch32v30x_it.o
 .debug_frame   0x0000000000000030       0x28 ./User/main.o
 .debug_frame   0x0000000000000058       0x30 ./User/system_ch32v30x.o
 .debug_frame   0x0000000000000088       0x70 ./Peripheral/src/ch32v30x_dbgmcu.o
 .debug_frame   0x00000000000000f8       0xd8 ./Peripheral/src/ch32v30x_dma.o
 .debug_frame   0x00000000000001d0      0x174 ./Peripheral/src/ch32v30x_gpio.o
 .debug_frame   0x0000000000000344       0x30 ./Peripheral/src/ch32v30x_misc.o
 .debug_frame   0x0000000000000374      0x344 ./Peripheral/src/ch32v30x_rcc.o
 .debug_frame   0x00000000000006b8      0x1e4 ./Peripheral/src/ch32v30x_usart.o
 .debug_frame   0x000000000000089c      0x208 ./Hardware/esp8266.o
 .debug_frame   0x0000000000000aa4       0xb8 ./Debug/debug.o
 .debug_frame   0x0000000000000b5c       0x20 c:/mounriver/mounriver_studio/toolchain/risc-v embedded gcc/bin/../lib/gcc/riscv-none-embed/8.2.0/../../../../riscv-none-embed/lib/rv32imacxw/ilp32\libg_nano.a(lib_a-memcpy.o)
 .debug_frame   0x0000000000000b7c       0x40 c:/mounriver/mounriver_studio/toolchain/risc-v embedded gcc/bin/../lib/gcc/riscv-none-embed/8.2.0/../../../../riscv-none-embed/lib/rv32imacxw/ilp32\libg_nano.a(lib_a-nano-freer.o)
 .debug_frame   0x0000000000000bbc       0x40 c:/mounriver/mounriver_studio/toolchain/risc-v embedded gcc/bin/../lib/gcc/riscv-none-embed/8.2.0/../../../../riscv-none-embed/lib/rv32imacxw/ilp32\libg_nano.a(lib_a-nano-mallocr.o)
 .debug_frame   0x0000000000000bfc       0x54 c:/mounriver/mounriver_studio/toolchain/risc-v embedded gcc/bin/../lib/gcc/riscv-none-embed/8.2.0/../../../../riscv-none-embed/lib/rv32imacxw/ilp32\libg_nano.a(lib_a-printf.o)
 .debug_frame   0x0000000000000c50       0x54 c:/mounriver/mounriver_studio/toolchain/risc-v embedded gcc/bin/../lib/gcc/riscv-none-embed/8.2.0/../../../../riscv-none-embed/lib/rv32imacxw/ilp32\libg_nano.a(lib_a-puts.o)
 .debug_frame   0x0000000000000ca4       0x30 c:/mounriver/mounriver_studio/toolchain/risc-v embedded gcc/bin/../lib/gcc/riscv-none-embed/8.2.0/../../../../riscv-none-embed/lib/rv32imacxw/ilp32\libg_nano.a(lib_a-sbrkr.o)
 .debug_frame   0x0000000000000cd4       0x48 c:/mounriver/mounriver_studio/toolchain/risc-v embedded gcc/bin/../lib/gcc/riscv-none-embed/8.2.0/../../../../riscv-none-embed/lib/rv32imacxw/ilp32\libg_nano.a(lib_a-sprintf.o)
 .debug_frame   0x0000000000000d1c       0xa4 c:/mounriver/mounriver_studio/toolchain/risc-v embedded gcc/bin/../lib/gcc/riscv-none-embed/8.2.0/../../../../riscv-none-embed/lib/rv32imacxw/ilp32\libg_nano.a(lib_a-stdio.o)
 .debug_frame   0x0000000000000dc0       0x50 c:/mounriver/mounriver_studio/toolchain/risc-v embedded gcc/bin/../lib/gcc/riscv-none-embed/8.2.0/../../../../riscv-none-embed/lib/rv32imacxw/ilp32\libg_nano.a(lib_a-wbuf.o)
 .debug_frame   0x0000000000000e10       0x30 c:/mounriver/mounriver_studio/toolchain/risc-v embedded gcc/bin/../lib/gcc/riscv-none-embed/8.2.0/../../../../riscv-none-embed/lib/rv32imacxw/ilp32\libg_nano.a(lib_a-writer.o)
 .debug_frame   0x0000000000000e40       0x3c c:/mounriver/mounriver_studio/toolchain/risc-v embedded gcc/bin/../lib/gcc/riscv-none-embed/8.2.0/../../../../riscv-none-embed/lib/rv32imacxw/ilp32\libg_nano.a(lib_a-wsetup.o)
 .debug_frame   0x0000000000000e7c       0x30 c:/mounriver/mounriver_studio/toolchain/risc-v embedded gcc/bin/../lib/gcc/riscv-none-embed/8.2.0/../../../../riscv-none-embed/lib/rv32imacxw/ilp32\libg_nano.a(lib_a-closer.o)
 .debug_frame   0x0000000000000eac       0x7c c:/mounriver/mounriver_studio/toolchain/risc-v embedded gcc/bin/../lib/gcc/riscv-none-embed/8.2.0/../../../../riscv-none-embed/lib/rv32imacxw/ilp32\libg_nano.a(lib_a-fflush.o)
 .debug_frame   0x0000000000000f28      0x148 c:/mounriver/mounriver_studio/toolchain/risc-v embedded gcc/bin/../lib/gcc/riscv-none-embed/8.2.0/../../../../riscv-none-embed/lib/rv32imacxw/ilp32\libg_nano.a(lib_a-findfp.o)
 .debug_frame   0x0000000000001070       0x88 c:/mounriver/mounriver_studio/toolchain/risc-v embedded gcc/bin/../lib/gcc/riscv-none-embed/8.2.0/../../../../riscv-none-embed/lib/rv32imacxw/ilp32\libg_nano.a(lib_a-fwalk.o)
 .debug_frame   0x00000000000010f8       0x30 c:/mounriver/mounriver_studio/toolchain/risc-v embedded gcc/bin/../lib/gcc/riscv-none-embed/8.2.0/../../../../riscv-none-embed/lib/rv32imacxw/ilp32\libg_nano.a(lib_a-lseekr.o)
 .debug_frame   0x0000000000001128       0x64 c:/mounriver/mounriver_studio/toolchain/risc-v embedded gcc/bin/../lib/gcc/riscv-none-embed/8.2.0/../../../../riscv-none-embed/lib/rv32imacxw/ilp32\libg_nano.a(lib_a-makebuf.o)
 .debug_frame   0x000000000000118c       0x30 c:/mounriver/mounriver_studio/toolchain/risc-v embedded gcc/bin/../lib/gcc/riscv-none-embed/8.2.0/../../../../riscv-none-embed/lib/rv32imacxw/ilp32\libg_nano.a(lib_a-mlock.o)
 .debug_frame   0x00000000000011bc       0x40 c:/mounriver/mounriver_studio/toolchain/risc-v embedded gcc/bin/../lib/gcc/riscv-none-embed/8.2.0/../../../../riscv-none-embed/lib/rv32imacxw/ilp32\libg_nano.a(lib_a-nano-reallocr.o)
 .debug_frame   0x00000000000011fc       0xe0 c:/mounriver/mounriver_studio/toolchain/risc-v embedded gcc/bin/../lib/gcc/riscv-none-embed/8.2.0/../../../../riscv-none-embed/lib/rv32imacxw/ilp32\libg_nano.a(lib_a-nano-svfprintf.o)
 .debug_frame   0x00000000000012dc       0xd0 c:/mounriver/mounriver_studio/toolchain/risc-v embedded gcc/bin/../lib/gcc/riscv-none-embed/8.2.0/../../../../riscv-none-embed/lib/rv32imacxw/ilp32\libg_nano.a(lib_a-nano-vfprintf.o)
 .debug_frame   0x00000000000013ac       0x8c c:/mounriver/mounriver_studio/toolchain/risc-v embedded gcc/bin/../lib/gcc/riscv-none-embed/8.2.0/../../../../riscv-none-embed/lib/rv32imacxw/ilp32\libg_nano.a(lib_a-nano-vfprintf_i.o)
 .debug_frame   0x0000000000001438       0x30 c:/mounriver/mounriver_studio/toolchain/risc-v embedded gcc/bin/../lib/gcc/riscv-none-embed/8.2.0/../../../../riscv-none-embed/lib/rv32imacxw/ilp32\libg_nano.a(lib_a-readr.o)
 .debug_frame   0x0000000000001468       0x70 c:/mounriver/mounriver_studio/toolchain/risc-v embedded gcc/bin/../lib/gcc/riscv-none-embed/8.2.0/../../../../riscv-none-embed/lib/rv32imacxw/ilp32\libg_nano.a(lib_a-reent.o)
 .debug_frame   0x00000000000014d8       0x30 c:/mounriver/mounriver_studio/toolchain/risc-v embedded gcc/bin/../lib/gcc/riscv-none-embed/8.2.0/../../../../riscv-none-embed/lib/rv32imacxw/ilp32\libg_nano.a(lib_a-fstatr.o)
 .debug_frame   0x0000000000001508       0x30 c:/mounriver/mounriver_studio/toolchain/risc-v embedded gcc/bin/../lib/gcc/riscv-none-embed/8.2.0/../../../../riscv-none-embed/lib/rv32imacxw/ilp32\libg_nano.a(lib_a-isattyr.o)
 .debug_frame   0x0000000000001538       0x20 c:/mounriver/mounriver_studio/toolchain/risc-v embedded gcc/bin/../lib/gcc/riscv-none-embed/8.2.0/../../../../riscv-none-embed/lib/rv32imacxw/ilp32\libg_nano.a(lib_a-memchr.o)
 .debug_frame   0x0000000000001558       0x20 c:/mounriver/mounriver_studio/toolchain/risc-v embedded gcc/bin/../lib/gcc/riscv-none-embed/8.2.0/../../../../riscv-none-embed/lib/rv32imacxw/ilp32\libg_nano.a(lib_a-memmove.o)
 .debug_frame   0x0000000000001578       0x20 c:/mounriver/mounriver_studio/toolchain/risc-v embedded gcc/bin/../lib/gcc/riscv-none-embed/8.2.0/../../../../riscv-none-embed/lib/rv32imacxw/ilp32\libg_nano.a(lib_a-nano-msizer.o)
 .debug_frame   0x0000000000001598       0x20 c:/mounriver/mounriver_studio/toolchain/risc-v embedded gcc/bin/../lib/gcc/riscv-none-embed/8.2.0/../../../../riscv-none-embed/lib/rv32imacxw/ilp32\libnosys.a(close.o)
 .debug_frame   0x00000000000015b8       0x20 c:/mounriver/mounriver_studio/toolchain/risc-v embedded gcc/bin/../lib/gcc/riscv-none-embed/8.2.0/../../../../riscv-none-embed/lib/rv32imacxw/ilp32\libnosys.a(fstat.o)
 .debug_frame   0x00000000000015d8       0x20 c:/mounriver/mounriver_studio/toolchain/risc-v embedded gcc/bin/../lib/gcc/riscv-none-embed/8.2.0/../../../../riscv-none-embed/lib/rv32imacxw/ilp32\libnosys.a(isatty.o)
 .debug_frame   0x00000000000015f8       0x20 c:/mounriver/mounriver_studio/toolchain/risc-v embedded gcc/bin/../lib/gcc/riscv-none-embed/8.2.0/../../../../riscv-none-embed/lib/rv32imacxw/ilp32\libnosys.a(lseek.o)
 .debug_frame   0x0000000000001618       0x20 c:/mounriver/mounriver_studio/toolchain/risc-v embedded gcc/bin/../lib/gcc/riscv-none-embed/8.2.0/../../../../riscv-none-embed/lib/rv32imacxw/ilp32\libnosys.a(read.o)

.debug_loc      0x0000000000000000     0x2281
 .debug_loc     0x0000000000000000      0x163 ./User/system_ch32v30x.o
 .debug_loc     0x0000000000000163       0x7c ./Peripheral/src/ch32v30x_dbgmcu.o
 .debug_loc     0x00000000000001df      0x19a ./Peripheral/src/ch32v30x_dma.o
 .debug_loc     0x0000000000000379      0x6d6 ./Peripheral/src/ch32v30x_gpio.o
 .debug_loc     0x0000000000000a4f       0x47 ./Peripheral/src/ch32v30x_misc.o
 .debug_loc     0x0000000000000a96      0xadb ./Peripheral/src/ch32v30x_rcc.o
 .debug_loc     0x0000000000001571      0x779 ./Peripheral/src/ch32v30x_usart.o
 .debug_loc     0x0000000000001cea      0x420 ./Hardware/esp8266.o
 .debug_loc     0x000000000000210a      0x177 ./Debug/debug.o

.stab           0x0000000000000000       0x84
 .stab          0x0000000000000000       0x24 c:/mounriver/mounriver_studio/toolchain/risc-v embedded gcc/bin/../lib/gcc/riscv-none-embed/8.2.0/../../../../riscv-none-embed/lib/rv32imacxw/ilp32\libnosys.a(close.o)
 .stab          0x0000000000000024       0x18 c:/mounriver/mounriver_studio/toolchain/risc-v embedded gcc/bin/../lib/gcc/riscv-none-embed/8.2.0/../../../../riscv-none-embed/lib/rv32imacxw/ilp32\libnosys.a(fstat.o)
                                         0x24 (size before relaxing)
 .stab          0x000000000000003c       0x18 c:/mounriver/mounriver_studio/toolchain/risc-v embedded gcc/bin/../lib/gcc/riscv-none-embed/8.2.0/../../../../riscv-none-embed/lib/rv32imacxw/ilp32\libnosys.a(isatty.o)
                                         0x24 (size before relaxing)
 .stab          0x0000000000000054       0x18 c:/mounriver/mounriver_studio/toolchain/risc-v embedded gcc/bin/../lib/gcc/riscv-none-embed/8.2.0/../../../../riscv-none-embed/lib/rv32imacxw/ilp32\libnosys.a(lseek.o)
                                         0x24 (size before relaxing)
 .stab          0x000000000000006c       0x18 c:/mounriver/mounriver_studio/toolchain/risc-v embedded gcc/bin/../lib/gcc/riscv-none-embed/8.2.0/../../../../riscv-none-embed/lib/rv32imacxw/ilp32\libnosys.a(read.o)
                                         0x24 (size before relaxing)

.stabstr        0x0000000000000000      0x117
 .stabstr       0x0000000000000000      0x117 c:/mounriver/mounriver_studio/toolchain/risc-v embedded gcc/bin/../lib/gcc/riscv-none-embed/8.2.0/../../../../riscv-none-embed/lib/rv32imacxw/ilp32\libnosys.a(close.o)
