Archive member included to satisfy reference by file (symbol)

c:/mounriver/mounriver_studio/toolchain/risc-v embedded gcc/bin/../lib/gcc/riscv-none-embed/8.2.0/rv32imacxw/ilp32\libgcc.a(eqdf2.o)
                              ./Hardware/cJSON.o (__eqdf2)
c:/mounriver/mounriver_studio/toolchain/risc-v embedded gcc/bin/../lib/gcc/riscv-none-embed/8.2.0/rv32imacxw/ilp32\libgcc.a(gedf2.o)
                              ./Hardware/cJSON.o (__gedf2)
c:/mounriver/mounriver_studio/toolchain/risc-v embedded gcc/bin/../lib/gcc/riscv-none-embed/8.2.0/rv32imacxw/ilp32\libgcc.a(ledf2.o)
                              ./Hardware/cJSON.o (__ledf2)
c:/mounriver/mounriver_studio/toolchain/risc-v embedded gcc/bin/../lib/gcc/riscv-none-embed/8.2.0/rv32imacxw/ilp32\libgcc.a(muldf3.o)
                              ./Hardware/cJSON.o (__muldf3)
c:/mounriver/mounriver_studio/toolchain/risc-v embedded gcc/bin/../lib/gcc/riscv-none-embed/8.2.0/rv32imacxw/ilp32\libgcc.a(subdf3.o)
                              ./Hardware/cJSON.o (__subdf3)
c:/mounriver/mounriver_studio/toolchain/risc-v embedded gcc/bin/../lib/gcc/riscv-none-embed/8.2.0/rv32imacxw/ilp32\libgcc.a(unorddf2.o)
                              ./Hardware/cJSON.o (__unorddf2)
c:/mounriver/mounriver_studio/toolchain/risc-v embedded gcc/bin/../lib/gcc/riscv-none-embed/8.2.0/rv32imacxw/ilp32\libgcc.a(fixdfsi.o)
                              ./Hardware/cJSON.o (__fixdfsi)
c:/mounriver/mounriver_studio/toolchain/risc-v embedded gcc/bin/../lib/gcc/riscv-none-embed/8.2.0/rv32imacxw/ilp32\libgcc.a(floatsidf.o)
                              ./Hardware/cJSON.o (__floatsidf)
c:/mounriver/mounriver_studio/toolchain/risc-v embedded gcc/bin/../lib/gcc/riscv-none-embed/8.2.0/rv32imacxw/ilp32\libgcc.a(extendsfdf2.o)
                              ./Hardware/cJSON.o (__extendsfdf2)
c:/mounriver/mounriver_studio/toolchain/risc-v embedded gcc/bin/../lib/gcc/riscv-none-embed/8.2.0/rv32imacxw/ilp32\libgcc.a(save-restore.o)
                              ./Hardware/cJSON.o (__riscv_save_12)
c:/mounriver/mounriver_studio/toolchain/risc-v embedded gcc/bin/../lib/gcc/riscv-none-embed/8.2.0/rv32imacxw/ilp32\libgcc.a(_clzsi2.o)
                              c:/mounriver/mounriver_studio/toolchain/risc-v embedded gcc/bin/../lib/gcc/riscv-none-embed/8.2.0/rv32imacxw/ilp32\libgcc.a(muldf3.o) (__clzsi2)
c:/mounriver/mounriver_studio/toolchain/risc-v embedded gcc/bin/../lib/gcc/riscv-none-embed/8.2.0/rv32imacxw/ilp32\libgcc.a(_clz.o)
                              c:/mounriver/mounriver_studio/toolchain/risc-v embedded gcc/bin/../lib/gcc/riscv-none-embed/8.2.0/rv32imacxw/ilp32\libgcc.a(_clzsi2.o) (__clz_tab)
c:/mounriver/mounriver_studio/toolchain/risc-v embedded gcc/bin/../lib/gcc/riscv-none-embed/8.2.0/../../../../riscv-none-embed/lib/rv32imacxw/ilp32\libg_nano.a(lib_a-locale.o)
                              ./Hardware/cJSON.o (__locale_ctype_ptr)
c:/mounriver/mounriver_studio/toolchain/risc-v embedded gcc/bin/../lib/gcc/riscv-none-embed/8.2.0/../../../../riscv-none-embed/lib/rv32imacxw/ilp32\libg_nano.a(lib_a-malloc.o)
                              ./Hardware/cJSON.o (malloc)
c:/mounriver/mounriver_studio/toolchain/risc-v embedded gcc/bin/../lib/gcc/riscv-none-embed/8.2.0/../../../../riscv-none-embed/lib/rv32imacxw/ilp32\libg_nano.a(lib_a-mbtowc_r.o)
                              c:/mounriver/mounriver_studio/toolchain/risc-v embedded gcc/bin/../lib/gcc/riscv-none-embed/8.2.0/../../../../riscv-none-embed/lib/rv32imacxw/ilp32\libg_nano.a(lib_a-locale.o) (__ascii_mbtowc)
c:/mounriver/mounriver_studio/toolchain/risc-v embedded gcc/bin/../lib/gcc/riscv-none-embed/8.2.0/../../../../riscv-none-embed/lib/rv32imacxw/ilp32\libg_nano.a(lib_a-memcpy.o)
                              ./Hardware/cJSON.o (memcpy)
c:/mounriver/mounriver_studio/toolchain/risc-v embedded gcc/bin/../lib/gcc/riscv-none-embed/8.2.0/../../../../riscv-none-embed/lib/rv32imacxw/ilp32\libg_nano.a(lib_a-memset.o)
                              ./User/main.o (memset)
c:/mounriver/mounriver_studio/toolchain/risc-v embedded gcc/bin/../lib/gcc/riscv-none-embed/8.2.0/../../../../riscv-none-embed/lib/rv32imacxw/ilp32\libg_nano.a(lib_a-nano-freer.o)
                              c:/mounriver/mounriver_studio/toolchain/risc-v embedded gcc/bin/../lib/gcc/riscv-none-embed/8.2.0/../../../../riscv-none-embed/lib/rv32imacxw/ilp32\libg_nano.a(lib_a-malloc.o) (_free_r)
c:/mounriver/mounriver_studio/toolchain/risc-v embedded gcc/bin/../lib/gcc/riscv-none-embed/8.2.0/../../../../riscv-none-embed/lib/rv32imacxw/ilp32\libg_nano.a(lib_a-nano-mallocr.o)
                              c:/mounriver/mounriver_studio/toolchain/risc-v embedded gcc/bin/../lib/gcc/riscv-none-embed/8.2.0/../../../../riscv-none-embed/lib/rv32imacxw/ilp32\libg_nano.a(lib_a-malloc.o) (_malloc_r)
c:/mounriver/mounriver_studio/toolchain/risc-v embedded gcc/bin/../lib/gcc/riscv-none-embed/8.2.0/../../../../riscv-none-embed/lib/rv32imacxw/ilp32\libg_nano.a(lib_a-printf.o)
[...]
Memory Configuration

Name             Origin             Length             Attributes
FLASH            0x0000000000000000 0x0000000000048000 xr
RAM              0x0000000020000000 0x0000000000008000 xrw
*default*        0x0000000000000000 0xffffffffffffffff

Linker script and memory map

LOAD ./User/ch32v30x_it.o
LOAD ./User/main.o
LOAD ./User/system_ch32v30x.o
LOAD ./Startup/startup_ch32v30x_D8C.o
LOAD ./Peripheral/src/ch32v30x_adc.o
LOAD ./Peripheral/src/ch32v30x_bkp.o
LOAD ./Peripheral/src/ch32v30x_can.o
LOAD ./Peripheral/src/ch32v30x_crc.o
LOAD ./Peripheral/src/ch32v30x_dac.o
LOAD ./Peripheral/src/ch32v30x_dbgmcu.o
LOAD ./Peripheral/src/ch32v30x_dma.o
LOAD ./Peripheral/src/ch32v30x_dvp.o
LOAD ./Peripheral/src/ch32v30x_eth.o
LOAD ./Peripheral/src/ch32v30x_exti.o
LOAD ./Peripheral/src/ch32v30x_flash.o
LOAD ./Peripheral/src/ch32v30x_fsmc.o
LOAD ./Peripheral/src/ch32v30x_gpio.o
LOAD ./Peripheral/src/ch32v30x_i2c.o
LOAD ./Peripheral/src/ch32v30x_iwdg.o
LOAD ./Peripheral/src/ch32v30x_misc.o
LOAD ./Peripheral/src/ch32v30x_opa.o
LOAD ./Peripheral/src/ch32v30x_pwr.o
LOAD ./Peripheral/src/ch32v30x_rcc.o
LOAD ./Peripheral/src/ch32v30x_rng.o
LOAD ./Peripheral/src/ch32v30x_rtc.o
LOAD ./Peripheral/src/ch32v30x_sdio.o
LOAD ./Peripheral/src/ch32v30x_spi.o
LOAD ./Peripheral/src/ch32v30x_tim.o
LOAD ./Peripheral/src/ch32v30x_usart.o
LOAD ./Peripheral/src/ch32v30x_wwdg.o
LOAD ./Hardware/JFC103.o
LOAD ./Hardware/cJSON.o
LOAD ./Hardware/esp8266.o
LOAD ./Hardware/my_usart8.o
LOAD ./Debug/debug.o
LOAD ./Core/core_riscv.o
LOAD c:/mounriver/mounriver_studio/toolchain/risc-v embedded gcc/bin/../lib/gcc/riscv-none-embed/8.2.0/../../../../riscv-none-embed/lib/rv32imacxw/ilp32\libm.a
LOAD c:/mounriver/mounriver_studio/toolchain/risc-v embedded gcc/bin/../lib/gcc/riscv-none-embed/8.2.0/rv32imacxw/ilp32\libgcc.a
LOAD c:/mounriver/mounriver_studio/toolchain/risc-v embedded gcc/bin/../lib/gcc/riscv-none-embed/8.2.0/../../../../riscv-none-embed/lib/rv32imacxw/ilp32\libg_nano.a
LOAD c:/mounriver/mounriver_studio/toolchain/risc-v embedded gcc/bin/../lib/gcc/riscv-none-embed/8.2.0/../../../../riscv-none-embed/lib/rv32imacxw/ilp32\libc_nano.a
LOAD c:/mounriver/mounriver_studio/toolchain/risc-v embedded gcc/bin/../lib/gcc/riscv-none-embed/8.2.0/rv32imacxw/ilp32\libgcc.a
START GROUP
LOAD c:/mounriver/mounriver_studio/toolchain/risc-v embedded gcc/bin/../lib/gcc/riscv-none-embed/8.2.0/rv32imacxw/ilp32\libgcc.a
LOAD c:/mounriver/mounriver_studio/toolchain/risc-v embedded gcc/bin/../lib/gcc/riscv-none-embed/8.2.0/../../../../riscv-none-embed/lib/rv32imacxw/ilp32\libc_nano.a
LOAD c:/mounriver/mounriver_studio/toolchain/risc-v embedded gcc/bin/../lib/gcc/riscv-none-embed/8.2.0/../../../../riscv-none-embed/lib/rv32imacxw/ilp32\libnosys.a
END GROUP
START GROUP
LOAD c:/mounriver/mounriver_studio/toolchain/risc-v embedded gcc/bin/../lib/gcc/riscv-none-embed/8.2.0/rv32imacxw/ilp32\libgcc.a
LOAD c:/mounriver/mounriver_studio/toolchain/risc-v embedded gcc/bin/../lib/gcc/riscv-none-embed/8.2.0/../../../../riscv-none-embed/lib/rv32imacxw/ilp32\libc_nano.a
LOAD c:/mounriver/mounriver_studio/toolchain/risc-v embedded gcc/bin/../lib/gcc/riscv-none-embed/8.2.0/../../../../riscv-none-embed/lib/rv32imacxw/ilp32\libnosys.a
END GROUP
                0x0000000000000800                __stack_size = 0x800
                [!provide]                        PROVIDE (_stack_size = __stack_size)

.init           0x0000000000000000        0x4
                0x0000000000000000                _sinit = .
                0x0000000000000000                . = ALIGN (0x4)
 *(SORT_NONE(.init))
 .init          0x0000000000000000        0x4 ./Startup/startup_ch32v30x_D8C.o
                0x0000000000000000                _start
                0x0000000000000004                . = ALIGN (0x4)
                0x0000000000000004                _einit = .

.vector         0x0000000000000004      0x1bc
 *(.vector)
 .vector        0x0000000000000004      0x1a0 ./Startup/startup_ch32v30x_D8C.o
                0x00000000000001c0                . = ALIGN (0x40)
 *fill*         0x00000000000001a4       0x1c 

.text           0x00000000000001c0     0x1f6c
                0x00000000000001c0                . = ALIGN (0x4)
 *(.text)
 .text          0x00000000000001c0       0x60 c:/mounriver/mounriver_studio/toolchain/risc-v embedded gcc/bin/../lib/gcc/riscv-none-embed/8.2.0/rv32imacxw/ilp32\libgcc.a(save-restore.o)
                0x00000000000001c0                __riscv_save_12
                0x00000000000001c8                __riscv_save_9
                0x00000000000001c8                __riscv_save_11
                0x00000000000001c8                __riscv_save_10
                0x00000000000001c8                __riscv_save_8
                0x00000000000001d6                __riscv_save_4
                0x00000000000001d6                __riscv_save_6
                0x00000000000001d6                __riscv_save_5
                0x00000000000001d6                __riscv_save_7
                0x00000000000001f0                __riscv_save_3
                0x00000000000001f0                __riscv_save_2
                0x00000000000001f0                __riscv_save_1
                0x00000000000001f0                __riscv_save_0
                0x00000000000001fc                __riscv_restore_12
                0x0000000000000200                __riscv_restore_11
                0x0000000000000200                __riscv_restore_9
                0x0000000000000200                __riscv_restore_10
                0x0000000000000200                __riscv_restore_8
                0x000000000000020a                __riscv_restore_5
                0x000000000000020a                __riscv_restore_7
                0x000000000000020a                __riscv_restore_6
                0x000000000000020a                __riscv_restore_4
                0x0000000000000214                __riscv_restore_3
                0x0000000000000214                __riscv_restore_0
                0x0000000000000214                __riscv_restore_2
                0x0000000000000214                __riscv_restore_1
 .text          0x0000000000000220       0xa8 c:/mounriver/mounriver_studio/toolchain/risc-v embedded gcc/bin/../lib/gcc/riscv-none-embed/8.2.0/../../../../riscv-none-embed/lib/rv32imacxw/ilp32\libg_nano.a(lib_a-memset.o)
                0x0000000000000220                memset
 *(.text.*)
 .text.NMI_Handler
                0x00000000000002c8        0x2 ./User/ch32v30x_it.o
                0x00000000000002c8                NMI_Handler
 .text.HardFault_Handler
                0x00000000000002ca        0x2 ./User/ch32v30x_it.o
                0x00000000000002ca                HardFault_Handler
 .text.startup.main
                0x00000000000002cc       0x86 ./User/main.o
                0x00000000000002cc                main
 .text.SystemInit
                0x0000000000000352       0xb2 ./User/system_ch32v30x.o
                0x0000000000000352                SystemInit
 .text.SystemCoreClockUpdate
                0x0000000000000404      0x12e ./User/system_ch32v30x.o
                0x0000000000000404                SystemCoreClockUpdate
 .text.vector_handler
                0x0000000000000532        0x2 ./Startup/startup_ch32v30x_D8C.o
                0x0000000000000532                EXTI2_IRQHandler
                0x0000000000000532                TIM8_TRG_COM_IRQHandler
                0x0000000000000532                TIM8_CC_IRQHandler
                0x0000000000000532                UART8_IRQHandler
                0x0000000000000532                TIM1_CC_IRQHandler
                0x0000000000000532                TIM6_IRQHandler
                0x0000000000000532                SysTick_Handler
                0x0000000000000532                PVD_IRQHandler
                0x0000000000000532                SDIO_IRQHandler
                0x0000000000000532                TIM9_BRK_IRQHandler
                0x0000000000000532                DMA2_Channel8_IRQHandler
                0x0000000000000532                CAN2_RX1_IRQHandler
                0x0000000000000532                EXTI3_IRQHandler
                0x0000000000000532                USBHS_IRQHandler
                0x0000000000000532                DMA2_Channel9_IRQHandler
                0x0000000000000532                TIM10_CC_IRQHandler
                0x0000000000000532                USBFS_IRQHandler
                0x0000000000000532                EXTI0_IRQHandler
                0x0000000000000532                I2C2_EV_IRQHandler
                0x0000000000000532                TIM10_TRG_COM_IRQHandler
                0x0000000000000532                CAN2_SCE_IRQHandler
                0x0000000000000532                ADC1_2_IRQHandler
                0x0000000000000532                Break_Point_Handler
                0x0000000000000532                SPI1_IRQHandler
                0x0000000000000532                TAMPER_IRQHandler
                0x0000000000000532                CAN2_RX0_IRQHandler
                0x0000000000000532                TIM8_UP_IRQHandler
                0x0000000000000532                Ecall_M_Mode_Handler
                0x0000000000000532                DMA2_Channel2_IRQHandler
                0x0000000000000532                DMA1_Channel4_IRQHandler
                0x0000000000000532                TIM9_UP_IRQHandler
                0x0000000000000532                USART3_IRQHandler
                0x0000000000000532                RTC_IRQHandler
                0x0000000000000532                DMA1_Channel7_IRQHandler
                0x0000000000000532                CAN1_RX1_IRQHandler
                0x0000000000000532                DVP_IRQHandler
                0x0000000000000532                UART5_IRQHandler
                0x0000000000000532                TIM4_IRQHandler
                0x0000000000000532                DMA2_Channel1_IRQHandler
                0x0000000000000532                I2C1_EV_IRQHandler
                0x0000000000000532                DMA1_Channel6_IRQHandler
                0x0000000000000532                UART4_IRQHandler
                0x0000000000000532                DMA2_Channel4_IRQHandler
                0x0000000000000532                TIM3_IRQHandler
                0x0000000000000532                RCC_IRQHandler
                0x0000000000000532                TIM1_TRG_COM_IRQHandler
                0x0000000000000532                DMA1_Channel1_IRQHandler
                0x0000000000000532                DMA2_Channel7_IRQHandler
                0x0000000000000532                EXTI15_10_IRQHandler
                0x0000000000000532                TIM7_IRQHandler
                0x0000000000000532                CAN2_TX_IRQHandler
                0x0000000000000532                TIM5_IRQHandler
                0x0000000000000532                EXTI9_5_IRQHandler
                0x0000000000000532                ETH_WKUP_IRQHandler
                0x0000000000000532                SPI2_IRQHandler
                0x0000000000000532                TIM10_BRK_IRQHandler
                0x0000000000000532                TIM9_CC_IRQHandler
                0x0000000000000532                DMA2_Channel5_IRQHandler
                0x0000000000000532                DMA1_Channel5_IRQHandler
                0x0000000000000532                EXTI4_IRQHandler
                0x0000000000000532                USB_LP_CAN1_RX0_IRQHandler
                0x0000000000000532                RNG_IRQHandler
                0x0000000000000532                USB_HP_CAN1_TX_IRQHandler
                0x0000000000000532                DMA1_Channel3_IRQHandler
                0x0000000000000532                ETH_IRQHandler
                0x0000000000000532                TIM1_UP_IRQHandler
                0x0000000000000532                WWDG_IRQHandler
                0x0000000000000532                USBHSWakeup_IRQHandler
                0x0000000000000532                DMA2_Channel11_IRQHandler
                0x0000000000000532                Ecall_U_Mode_Handler
                0x0000000000000532                DMA2_Channel6_IRQHandler
                0x0000000000000532                TIM2_IRQHandler
                0x0000000000000532                SW_Handler
                0x0000000000000532                TIM1_BRK_IRQHandler
                0x0000000000000532                DMA2_Channel10_IRQHandler
                0x0000000000000532                EXTI1_IRQHandler
                0x0000000000000532                RTCAlarm_IRQHandler
                0x0000000000000532                TIM10_UP_IRQHandler
                0x0000000000000532                TIM9_TRG_COM_IRQHandler
                0x0000000000000532                UART7_IRQHandler
                0x0000000000000532                USART2_IRQHandler
                0x0000000000000532                UART6_IRQHandler
                0x0000000000000532                I2C2_ER_IRQHandler
                0x0000000000000532                DMA1_Channel2_IRQHandler
                0x0000000000000532                TIM8_BRK_IRQHandler
                0x0000000000000532                CAN1_SCE_IRQHandler
                0x0000000000000532                FLASH_IRQHandler
                0x0000000000000532                USART1_IRQHandler
                0x0000000000000532                SPI3_IRQHandler
                0x0000000000000532                I2C1_ER_IRQHandler
                0x0000000000000532                USBWakeUp_IRQHandler
                0x0000000000000532                DMA2_Channel3_IRQHandler
 .text.handle_reset
                0x0000000000000534       0x8a ./Startup/startup_ch32v30x_D8C.o
                0x0000000000000534                handle_reset
 .text.DBGMCU_GetCHIPID
                0x00000000000005be        0xa ./Peripheral/src/ch32v30x_dbgmcu.o
                0x00000000000005be                DBGMCU_GetCHIPID
 .text.DMA_DeInit
                0x00000000000005c8      0x16c ./Peripheral/src/ch32v30x_dma.o
                0x00000000000005c8                DMA_DeInit
 .text.DMA_Init
                0x0000000000000734       0x38 ./Peripheral/src/ch32v30x_dma.o
                0x0000000000000734                DMA_Init
 .text.DMA_Cmd  0x000000000000076c       0x14 ./Peripheral/src/ch32v30x_dma.o
                0x000000000000076c                DMA_Cmd
 .text.DMA_GetCurrDataCounter
                0x0000000000000780        0x8 ./Peripheral/src/ch32v30x_dma.o
                0x0000000000000780                DMA_GetCurrDataCounter
 .text.GPIO_Init
                0x0000000000000788       0xc0 ./Peripheral/src/ch32v30x_gpio.o
                0x0000000000000788                GPIO_Init
 .text.GPIO_PinRemapConfig
                0x0000000000000848       0xd6 ./Peripheral/src/ch32v30x_gpio.o
                0x0000000000000848                GPIO_PinRemapConfig
 .text.NVIC_PriorityGroupConfig
                0x000000000000091e        0x6 ./Peripheral/src/ch32v30x_misc.o
                0x000000000000091e                NVIC_PriorityGroupConfig
 .text.RCC_GetClocksFreq
                0x0000000000000924      0x176 ./Peripheral/src/ch32v30x_rcc.o
                0x0000000000000924                RCC_GetClocksFreq
 .text.RCC_AHBPeriphClockCmd
                0x0000000000000a9a       0x1e ./Peripheral/src/ch32v30x_rcc.o
                0x0000000000000a9a                RCC_AHBPeriphClockCmd
 .text.RCC_APB2PeriphClockCmd
                0x0000000000000ab8       0x1e ./Peripheral/src/ch32v30x_rcc.o
                0x0000000000000ab8                RCC_APB2PeriphClockCmd
 .text.RCC_APB1PeriphClockCmd
                0x0000000000000ad6       0x1e ./Peripheral/src/ch32v30x_rcc.o
                0x0000000000000ad6                RCC_APB1PeriphClockCmd
 .text.USART_Init
                0x0000000000000af4       0x8e ./Peripheral/src/ch32v30x_usart.o
                0x0000000000000af4                USART_Init
 .text.USART_Cmd
                0x0000000000000b82       0x16 ./Peripheral/src/ch32v30x_usart.o
                0x0000000000000b82                USART_Cmd
 .text.USART_DMACmd
                0x0000000000000b98       0x12 ./Peripheral/src/ch32v30x_usart.o
                0x0000000000000b98                USART_DMACmd
 .text.USART_SendData
                0x0000000000000baa        0x8 ./Peripheral/src/ch32v30x_usart.o
                0x0000000000000baa                USART_SendData
 .text.USART_GetFlagStatus
                0x0000000000000bb2        0xa ./Peripheral/src/ch32v30x_usart.o
                0x0000000000000bb2                USART_GetFlagStatus
 .text.USART8_CFG
                0x0000000000000bbc       0x7a ./Hardware/my_usart8.o
                0x0000000000000bbc                USART8_CFG
 .text.DMA8_INIT
                0x0000000000000c36       0x78 ./Hardware/my_usart8.o
                0x0000000000000c36                DMA8_INIT
 .text.uartReadHeart
                0x0000000000000cae       0x74 ./Hardware/my_usart8.o
                0x0000000000000cae                uartReadHeart
 .text.uartAvailableHeart
                0x0000000000000d22       0x32 ./Hardware/my_usart8.o
                0x0000000000000d22                uartAvailableHeart
 .text.Rx8Buffer_Printf
                0x0000000000000d54       0x30 ./Hardware/my_usart8.o
                0x0000000000000d54                Rx8Buffer_Printf
 .text.Delay_Init
                0x0000000000000d84       0x2a ./Debug/debug.o
                0x0000000000000d84                Delay_Init
 .text.Delay_Ms
                0x0000000000000dae       0x36 ./Debug/debug.o
                0x0000000000000dae                Delay_Ms
 .text.USART_Printf_Init
                0x0000000000000de4       0x52 ./Debug/debug.o
                0x0000000000000de4                USART_Printf_Init
 .text._write   0x0000000000000e36       0x3a ./Debug/debug.o
                0x0000000000000e36                _write
 .text._sbrk    0x0000000000000e70       0x26 ./Debug/debug.o
                0x0000000000000e70                _sbrk
 .text._free_r  0x0000000000000e96       0xa8 c:/mounriver/mounriver_studio/toolchain/risc-v embedded gcc/bin/../lib/gcc/riscv-none-embed/8.2.0/../../../../riscv-none-embed/lib/rv32imacxw/ilp32\libg_nano.a(lib_a-nano-freer.o)
                0x0000000000000e96                _free_r
 .text._malloc_r
                0x0000000000000f3e       0xd4 c:/mounriver/mounriver_studio/toolchain/risc-v embedded gcc/bin/../lib/gcc/riscv-none-embed/8.2.0/../../../../riscv-none-embed/lib/rv32imacxw/ilp32\libg_nano.a(lib_a-nano-mallocr.o)
                0x0000000000000f3e                _malloc_r
 .text.printf   0x0000000000001012       0x40 c:/mounriver/mounriver_studio/toolchain/risc-v embedded gcc/bin/../lib/gcc/riscv-none-embed/8.2.0/../../../../riscv-none-embed/lib/rv32imacxw/ilp32\libg_nano.a(lib_a-printf.o)
                0x0000000000001012                iprintf
                0x0000000000001012                printf
 .text._puts_r  0x0000000000001052       0xd4 c:/mounriver/mounriver_studio/toolchain/risc-v embedded gcc/bin/../lib/gcc/riscv-none-embed/8.2.0/../../../../riscv-none-embed/lib/rv32imacxw/ilp32\libg_nano.a(lib_a-puts.o)
                0x0000000000001052                _puts_r
 .text.puts     0x0000000000001126        0xa c:/mounriver/mounriver_studio/toolchain/risc-v embedded gcc/bin/../lib/gcc/riscv-none-embed/8.2.0/../../../../riscv-none-embed/lib/rv32imacxw/ilp32\libg_nano.a(lib_a-puts.o)
                0x0000000000001126                puts
 .text._sbrk_r  0x0000000000001130       0x28 c:/mounriver/mounriver_studio/toolchain/risc-v embedded gcc/bin/../lib/gcc/riscv-none-embed/8.2.0/../../../../riscv-none-embed/lib/rv32imacxw/ilp32\libg_nano.a(lib_a-sbrkr.o)
                0x0000000000001130                _sbrk_r
 .text.__sread  0x0000000000001158       0x2e c:/mounriver/mounriver_studio/toolchain/risc-v embedded gcc/bin/../lib/gcc/riscv-none-embed/8.2.0/../../../../riscv-none-embed/lib/rv32imacxw/ilp32\libg_nano.a(lib_a-stdio.o)
                0x0000000000001158                __sread
 .text.__swrite
                0x0000000000001186       0x48 c:/mounriver/mounriver_studio/toolchain/risc-v embedded gcc/bin/../lib/gcc/riscv-none-embed/8.2.0/../../../../riscv-none-embed/lib/rv32imacxw/ilp32\libg_nano.a(lib_a-stdio.o)
                0x0000000000001186                __swrite
 .text.__sseek  0x00000000000011ce       0x30 c:/mounriver/mounriver_studio/toolchain/risc-v embedded gcc/bin/../lib/gcc/riscv-none-embed/8.2.0/../../../../riscv-none-embed/lib/rv32imacxw/ilp32\libg_nano.a(lib_a-stdio.o)
                0x00000000000011ce                __sseek
 .text.__sclose
                0x00000000000011fe        0x6 c:/mounriver/mounriver_studio/toolchain/risc-v embedded gcc/bin/../lib/gcc/riscv-none-embed/8.2.0/../../../../riscv-none-embed/lib/rv32imacxw/ilp32\libg_nano.a(lib_a-stdio.o)
                0x00000000000011fe                __sclose
 .text.__swbuf_r
                0x0000000000001204       0xbc c:/mounriver/mounriver_studio/toolchain/risc-v embedded gcc/bin/../lib/gcc/riscv-none-embed/8.2.0/../../../../riscv-none-embed/lib/rv32imacxw/ilp32\libg_nano.a(lib_a-wbuf.o)
                0x0000000000001204                __swbuf_r
 .text._write_r
                0x00000000000012c0       0x2c c:/mounriver/mounriver_studio/toolchain/risc-v embedded gcc/bin/../lib/gcc/riscv-none-embed/8.2.0/../../../../riscv-none-embed/lib/rv32imacxw/ilp32\libg_nano.a(lib_a-writer.o)
                0x00000000000012c0                _write_r
 .text.__swsetup_r
                0x00000000000012ec       0xfc c:/mounriver/mounriver_studio/toolchain/risc-v embedded gcc/bin/../lib/gcc/riscv-none-embed/8.2.0/../../../../riscv-none-embed/lib/rv32imacxw/ilp32\libg_nano.a(lib_a-wsetup.o)
                0x00000000000012ec                __swsetup_r
 .text._close_r
                0x00000000000013e8       0x2a c:/mounriver/mounriver_studio/toolchain/risc-v embedded gcc/bin/../lib/gcc/riscv-none-embed/8.2.0/../../../../riscv-none-embed/lib/rv32imacxw/ilp32\libg_nano.a(lib_a-closer.o)
                0x00000000000013e8                _close_r
 .text.__sflush_r
                0x0000000000001412      0x132 c:/mounriver/mounriver_studio/toolchain/risc-v embedded gcc/bin/../lib/gcc/riscv-none-embed/8.2.0/../../../../riscv-none-embed/lib/rv32imacxw/ilp32\libg_nano.a(lib_a-fflush.o)
                0x0000000000001412                __sflush_r
 .text._fflush_r
                0x0000000000001544       0x64 c:/mounriver/mounriver_studio/toolchain/risc-v embedded gcc/bin/../lib/gcc/riscv-none-embed/8.2.0/../../../../riscv-none-embed/lib/rv32imacxw/ilp32\libg_nano.a(lib_a-fflush.o)
                0x0000000000001544                _fflush_r
 .text.std      0x00000000000015a8       0x66 c:/mounriver/mounriver_studio/toolchain/risc-v embedded gcc/bin/../lib/gcc/riscv-none-embed/8.2.0/../../../../riscv-none-embed/lib/rv32imacxw/ilp32\libg_nano.a(lib_a-findfp.o)
 .text._cleanup_r
                0x000000000000160e        0xa c:/mounriver/mounriver_studio/toolchain/risc-v embedded gcc/bin/../lib/gcc/riscv-none-embed/8.2.0/../../../../riscv-none-embed/lib/rv32imacxw/ilp32\libg_nano.a(lib_a-findfp.o)
                0x000000000000160e                _cleanup_r
 .text.__sfmoreglue
                0x0000000000001618       0x48 c:/mounriver/mounriver_studio/toolchain/risc-v embedded gcc/bin/../lib/gcc/riscv-none-embed/8.2.0/../../../../riscv-none-embed/lib/rv32imacxw/ilp32\libg_nano.a(lib_a-findfp.o)
                0x0000000000001618                __sfmoreglue
 .text.__sinit  0x0000000000001660       0x66 c:/mounriver/mounriver_studio/toolchain/risc-v embedded gcc/bin/../lib/gcc/riscv-none-embed/8.2.0/../../../../riscv-none-embed/lib/rv32imacxw/ilp32\libg_nano.a(lib_a-findfp.o)
                0x0000000000001660                __sinit
 .text.__sfp    0x00000000000016c6       0x9c c:/mounriver/mounriver_studio/toolchain/risc-v embedded gcc/bin/../lib/gcc/riscv-none-embed/8.2.0/../../../../riscv-none-embed/lib/rv32imacxw/ilp32\libg_nano.a(lib_a-findfp.o)
                0x00000000000016c6                __sfp
 .text._fwalk_reent
                0x0000000000001762       0x6a c:/mounriver/mounriver_studio/toolchain/risc-v embedded gcc/bin/../lib/gcc/riscv-none-embed/8.2.0/../../../../riscv-none-embed/lib/rv32imacxw/ilp32\libg_nano.a(lib_a-fwalk.o)
                0x0000000000001762                _fwalk_reent
 .text._lseek_r
                0x00000000000017cc       0x2e c:/mounriver/mounriver_studio/toolchain/risc-v embedded gcc/bin/../lib/gcc/riscv-none-embed/8.2.0/../../../../riscv-none-embed/lib/rv32imacxw/ilp32\libg_nano.a(lib_a-lseekr.o)
                0x00000000000017cc                _lseek_r
 .text.__swhatbuf_r
                0x00000000000017fa       0x56 c:/mounriver/mounriver_studio/toolchain/risc-v embedded gcc/bin/../lib/gcc/riscv-none-embed/8.2.0/../../../../riscv-none-embed/lib/rv32imacxw/ilp32\libg_nano.a(lib_a-makebuf.o)
                0x00000000000017fa                __swhatbuf_r
 .text.__smakebuf_r
                0x0000000000001850       0x90 c:/mounriver/mounriver_studio/toolchain/risc-v embedded gcc/bin/../lib/gcc/riscv-none-embed/8.2.0/../../../../riscv-none-embed/lib/rv32imacxw/ilp32\libg_nano.a(lib_a-makebuf.o)
                0x0000000000001850                __smakebuf_r
 .text.__malloc_lock
                0x00000000000018e0        0x2 c:/mounriver/mounriver_studio/toolchain/risc-v embedded gcc/bin/../lib/gcc/riscv-none-embed/8.2.0/../../../../riscv-none-embed/lib/rv32imacxw/ilp32\libg_nano.a(lib_a-mlock.o)
                0x00000000000018e0                __malloc_lock
 .text.__malloc_unlock
                0x00000000000018e2        0x2 c:/mounriver/mounriver_studio/toolchain/risc-v embedded gcc/bin/../lib/gcc/riscv-none-embed/8.2.0/../../../../riscv-none-embed/lib/rv32imacxw/ilp32\libg_nano.a(lib_a-mlock.o)
                0x00000000000018e2                __malloc_unlock
 .text.__sfputc_r
                0x00000000000018e4       0x28 c:/mounriver/mounriver_studio/toolchain/risc-v embedded gcc/bin/../lib/gcc/riscv-none-embed/8.2.0/../../../../riscv-none-embed/lib/rv32imacxw/ilp32\libg_nano.a(lib_a-nano-vfprintf.o)
 .text.__sfputs_r
                0x000000000000190c       0x40 c:/mounriver/mounriver_studio/toolchain/risc-v embedded gcc/bin/../lib/gcc/riscv-none-embed/8.2.0/../../../../riscv-none-embed/lib/rv32imacxw/ilp32\libg_nano.a(lib_a-nano-vfprintf.o)
                0x000000000000190c                __sfputs_r
 .text._vfprintf_r
                0x000000000000194c      0x284 c:/mounriver/mounriver_studio/toolchain/risc-v embedded gcc/bin/../lib/gcc/riscv-none-embed/8.2.0/../../../../riscv-none-embed/lib/rv32imacxw/ilp32\libg_nano.a(lib_a-nano-vfprintf.o)
                0x000000000000194c                _vfprintf_r
                0x000000000000194c                _vfiprintf_r
 .text._printf_common
                0x0000000000001bd0      0x10c c:/mounriver/mounriver_studio/toolchain/risc-v embedded gcc/bin/../lib/gcc/riscv-none-embed/8.2.0/../../../../riscv-none-embed/lib/rv32imacxw/ilp32\libg_nano.a(lib_a-nano-vfprintf_i.o)
                0x0000000000001bd0                _printf_common
 .text._printf_i
                0x0000000000001cdc      0x2a0 c:/mounriver/mounriver_studio/toolchain/risc-v embedded gcc/bin/../lib/gcc/riscv-none-embed/8.2.0/../../../../riscv-none-embed/lib/rv32imacxw/ilp32\libg_nano.a(lib_a-nano-vfprintf_i.o)
                0x0000000000001cdc                _printf_i
 .text._read_r  0x0000000000001f7c       0x2c c:/mounriver/mounriver_studio/toolchain/risc-v embedded gcc/bin/../lib/gcc/riscv-none-embed/8.2.0/../../../../riscv-none-embed/lib/rv32imacxw/ilp32\libg_nano.a(lib_a-readr.o)
                0x0000000000001f7c                _read_r
 .text._fstat_r
                0x0000000000001fa8       0x2a c:/mounriver/mounriver_studio/toolchain/risc-v embedded gcc/bin/../lib/gcc/riscv-none-embed/8.2.0/../../../../riscv-none-embed/lib/rv32imacxw/ilp32\libg_nano.a(lib_a-fstatr.o)
                0x0000000000001fa8                _fstat_r
 .text._isatty_r
                0x0000000000001fd2       0x28 c:/mounriver/mounriver_studio/toolchain/risc-v embedded gcc/bin/../lib/gcc/riscv-none-embed/8.2.0/../../../../riscv-none-embed/lib/rv32imacxw/ilp32\libg_nano.a(lib_a-isattyr.o)
                0x0000000000001fd2                _isatty_r
 .text.memchr   0x0000000000001ffa       0x18 c:/mounriver/mounriver_studio/toolchain/risc-v embedded gcc/bin/../lib/gcc/riscv-none-embed/8.2.0/../../../../riscv-none-embed/lib/rv32imacxw/ilp32\libg_nano.a(lib_a-memchr.o)
                0x0000000000001ffa                memchr
 .text._close   0x0000000000002012        0xc c:/mounriver/mounriver_studio/toolchain/risc-v embedded gcc/bin/../lib/gcc/riscv-none-embed/8.2.0/../../../../riscv-none-embed/lib/rv32imacxw/ilp32\libnosys.a(close.o)
                0x0000000000002012                _close
 .text._fstat   0x000000000000201e        0xc c:/mounriver/mounriver_studio/toolchain/risc-v embedded gcc/bin/../lib/gcc/riscv-none-embed/8.2.0/../../../../riscv-none-embed/lib/rv32imacxw/ilp32\libnosys.a(fstat.o)
                0x000000000000201e                _fstat
 .text._isatty  0x000000000000202a        0xc c:/mounriver/mounriver_studio/toolchain/risc-v embedded gcc/bin/../lib/gcc/riscv-none-embed/8.2.0/../../../../riscv-none-embed/lib/rv32imacxw/ilp32\libnosys.a(isatty.o)
                0x000000000000202a                _isatty
 .text._lseek   0x0000000000002036        0xc c:/mounriver/mounriver_studio/toolchain/risc-v embedded gcc/bin/../lib/gcc/riscv-none-embed/8.2.0/../../../../riscv-none-embed/lib/rv32imacxw/ilp32\libnosys.a(lseek.o)
                0x0000000000002036                _lseek
 .text._read    0x0000000000002042        0xc c:/mounriver/mounriver_studio/toolchain/risc-v embedded gcc/bin/../lib/gcc/riscv-none-embed/8.2.0/../../../../riscv-none-embed/lib/rv32imacxw/ilp32\libnosys.a(read.o)
                0x0000000000002042                _read
 *(.rodata)
 *(.rodata*)
 *fill*         0x000000000000204e        0x2 
 .rodata.main.str1.4
                0x0000000000002050       0x38 ./User/main.o
 .rodata.Rx8Buffer_Printf.str1.4
                0x0000000000002088        0x5 ./Hardware/my_usart8.o
 *fill*         0x000000000000208d        0x3 
 .rodata.__sf_fake_stderr
                0x0000000000002090       0x20 c:/mounriver/mounriver_studio/toolchain/risc-v embedded gcc/bin/../lib/gcc/riscv-none-embed/8.2.0/../../../../riscv-none-embed/lib/rv32imacxw/ilp32\libg_nano.a(lib_a-findfp.o)
                0x0000000000002090                __sf_fake_stderr
 .rodata.__sf_fake_stdin
                0x00000000000020b0       0x20 c:/mounriver/mounriver_studio/toolchain/risc-v embedded gcc/bin/../lib/gcc/riscv-none-embed/8.2.0/../../../../riscv-none-embed/lib/rv32imacxw/ilp32\libg_nano.a(lib_a-findfp.o)
                0x00000000000020b0                __sf_fake_stdin
 .rodata.__sf_fake_stdout
                0x00000000000020d0       0x20 c:/mounriver/mounriver_studio/toolchain/risc-v embedded gcc/bin/../lib/gcc/riscv-none-embed/8.2.0/../../../../riscv-none-embed/lib/rv32imacxw/ilp32\libg_nano.a(lib_a-findfp.o)
                0x00000000000020d0                __sf_fake_stdout
 .rodata._vfprintf_r.str1.4
                0x00000000000020f0       0x13 c:/mounriver/mounriver_studio/toolchain/risc-v embedded gcc/bin/../lib/gcc/riscv-none-embed/8.2.0/../../../../riscv-none-embed/lib/rv32imacxw/ilp32\libg_nano.a(lib_a-nano-vfprintf.o)
 *fill*         0x0000000000002103        0x1 
 .rodata._printf_i.str1.4
                0x0000000000002104       0x28 c:/mounriver/mounriver_studio/toolchain/risc-v embedded gcc/bin/../lib/gcc/riscv-none-embed/8.2.0/../../../../riscv-none-embed/lib/rv32imacxw/ilp32\libg_nano.a(lib_a-nano-vfprintf_i.o)
                                         0x25 (size before relaxing)
 *(.gnu.linkonce.t.*)
                0x000000000000212c                . = ALIGN (0x4)

.rela.dyn       0x000000000000212c        0x0
 .rela.init     0x000000000000212c        0x0 ./User/ch32v30x_it.o
 .rela.vector   0x000000000000212c        0x0 ./User/ch32v30x_it.o
 .rela.text.handle_reset
                0x000000000000212c        0x0 ./User/ch32v30x_it.o
 .rela.text._sbrk
                0x000000000000212c        0x0 ./User/ch32v30x_it.o
 .rela.sdata.curbrk.5264
                0x000000000000212c        0x0 ./User/ch32v30x_it.o
 .rela.text._sbrk_r
                0x000000000000212c        0x0 ./User/ch32v30x_it.o
 .rela.text._write_r
                0x000000000000212c        0x0 ./User/ch32v30x_it.o
 .rela.text._close_r
                0x000000000000212c        0x0 ./User/ch32v30x_it.o
 .rela.text._lseek_r
                0x000000000000212c        0x0 ./User/ch32v30x_it.o
 .rela.text._vfprintf_r
                0x000000000000212c        0x0 ./User/ch32v30x_it.o
 .rela.text._read_r
                0x000000000000212c        0x0 ./User/ch32v30x_it.o
 .rela.text._fstat_r
                0x000000000000212c        0x0 ./User/ch32v30x_it.o
 .rela.text._isatty_r
                0x000000000000212c        0x0 ./User/ch32v30x_it.o
 .rela.text._close
                0x000000000000212c        0x0 ./User/ch32v30x_it.o
 .rela.text._fstat
                0x000000000000212c        0x0 ./User/ch32v30x_it.o
 .rela.text._isatty
                0x000000000000212c        0x0 ./User/ch32v30x_it.o
 .rela.text._lseek
                0x000000000000212c        0x0 ./User/ch32v30x_it.o
 .rela.text._read
                0x000000000000212c        0x0 ./User/ch32v30x_it.o

.fini           0x000000000000212c        0x0
 *(SORT_NONE(.fini))
                0x000000000000212c                . = ALIGN (0x4)
                [!provide]                        PROVIDE (_etext = .)
                [!provide]                        PROVIDE (_eitcm = .)

.preinit_array  0x000000000000212c        0x0
                [!provide]                        PROVIDE (__preinit_array_start = .)
 *(.preinit_array)
                [!provide]                        PROVIDE (__preinit_array_end = .)

.init_array     0x000000000000212c        0x0
                [!provide]                        PROVIDE (__init_array_start = .)
 *(SORT_BY_INIT_PRIORITY(.init_array.*) SORT_BY_INIT_PRIORITY(.ctors.*))
 *(.init_array EXCLUDE_FILE(*crtend?.o *crtend.o *crtbegin?.o *crtbegin.o) .ctors)
                [!provide]                        PROVIDE (__init_array_end = .)

.fini_array     0x000000000000212c        0x0
                [!provide]                        PROVIDE (__fini_array_start = .)
 *(SORT_BY_INIT_PRIORITY(.fini_array.*) SORT_BY_INIT_PRIORITY(.dtors.*))
 *(.fini_array EXCLUDE_FILE(*crtend?.o *crtend.o *crtbegin?.o *crtbegin.o) .dtors)
                [!provide]                        PROVIDE (__fini_array_end = .)

.ctors
 *crtbegin.o(.ctors)
 *crtbegin?.o(.ctors)
 *(EXCLUDE_FILE(*crtend?.o *crtend.o) .ctors)
 *(SORT_BY_NAME(.ctors.*))
 *(.ctors)

.dtors
 *crtbegin.o(.dtors)
 *crtbegin?.o(.dtors)
 *(EXCLUDE_FILE(*crtend?.o *crtend.o) .dtors)
 *(SORT_BY_NAME(.dtors.*))
 *(.dtors)

.dalign         0x0000000020000000        0x0 load address 0x000000000000212c
                0x0000000020000000                . = ALIGN (0x4)
                0x0000000020000000                PROVIDE (_data_vma = .)

.dlalign        0x000000000000212c        0x0
                0x000000000000212c                . = ALIGN (0x4)
                0x000000000000212c                PROVIDE (_data_lma = .)

.data           0x0000000020000000       0x98 load address 0x000000000000212c
 *(.gnu.linkonce.r.*)
 *(.data .data.*)
 .data.AHBPrescTable
                0x0000000020000000       0x10 ./User/system_ch32v30x.o
                0x0000000020000000                AHBPrescTable
 .data.APBAHBPrescTable
                0x0000000020000010       0x10 ./Peripheral/src/ch32v30x_rcc.o
 .data.impure_data
                0x0000000020000020       0x60 c:/mounriver/mounriver_studio/toolchain/risc-v embedded gcc/bin/../lib/gcc/riscv-none-embed/8.2.0/../../../../riscv-none-embed/lib/rv32imacxw/ilp32\libg_nano.a(lib_a-impure.o)
 *(.gnu.linkonce.d.*)
                0x0000000020000080                . = ALIGN (0x8)
                0x0000000020000880                PROVIDE (__global_pointer$ = (. + 0x800))
 *(.sdata .sdata.*)
 .sdata.SystemCoreClock
                0x0000000020000080        0x4 ./User/system_ch32v30x.o
                0x0000000020000080                SystemCoreClock
 .sdata.ADCPrescTable
                0x0000000020000084        0x4 ./Peripheral/src/ch32v30x_rcc.o
 .sdata.curbrk.5264
                0x0000000020000088        0x4 ./Debug/debug.o
 .sdata._impure_ptr
                0x000000002000008c        0x4 c:/mounriver/mounriver_studio/toolchain/risc-v embedded gcc/bin/../lib/gcc/riscv-none-embed/8.2.0/../../../../riscv-none-embed/lib/rv32imacxw/ilp32\libg_nano.a(lib_a-impure.o)
                0x000000002000008c                _impure_ptr
 *(.sdata2.*)
 .sdata2._global_impure_ptr
                0x0000000020000090        0x4 c:/mounriver/mounriver_studio/toolchain/risc-v embedded gcc/bin/../lib/gcc/riscv-none-embed/8.2.0/../../../../riscv-none-embed/lib/rv32imacxw/ilp32\libg_nano.a(lib_a-impure.o)
                0x0000000020000090                _global_impure_ptr
 *(.gnu.linkonce.s.*)
                0x0000000020000098                . = ALIGN (0x8)
 *fill*         0x0000000020000094        0x4 
 *(.srodata.cst16)
 *(.srodata.cst8)
 *(.srodata.cst4)
 *(.srodata.cst2)
 *(.srodata .srodata.*)
                0x0000000020000098                . = ALIGN (0x4)
                0x0000000020000098                PROVIDE (_edata = .)

.bss            0x0000000020000098      0x418 load address 0x00000000000021c4
                0x0000000020000098                . = ALIGN (0x4)
                0x0000000020000098                PROVIDE (_sbss = .)
 *(.sbss*)
 .sbss.NVIC_Priority_Group
                0x0000000020000098        0x4 ./Peripheral/src/ch32v30x_misc.o
                0x0000000020000098                NVIC_Priority_Group
 .sbss.TxBuffer_u8
                0x000000002000009c        0x2 ./Hardware/my_usart8.o
                0x000000002000009c                TxBuffer_u8
 .sbss.rxBufferReadPos_u8
                0x000000002000009e        0x2 ./Hardware/my_usart8.o
                0x000000002000009e                rxBufferReadPos_u8
 .sbss.p_ms     0x00000000200000a0        0x2 ./Debug/debug.o
 .sbss.p_us     0x00000000200000a2        0x1 ./Debug/debug.o
 *fill*         0x00000000200000a3        0x1 
 .sbss.__malloc_free_list
                0x00000000200000a4        0x4 c:/mounriver/mounriver_studio/toolchain/risc-v embedded gcc/bin/../lib/gcc/riscv-none-embed/8.2.0/../../../../riscv-none-embed/lib/rv32imacxw/ilp32\libg_nano.a(lib_a-nano-mallocr.o)
                0x00000000200000a4                __malloc_free_list
 .sbss.__malloc_sbrk_start
                0x00000000200000a8        0x4 c:/mounriver/mounriver_studio/toolchain/risc-v embedded gcc/bin/../lib/gcc/riscv-none-embed/8.2.0/../../../../riscv-none-embed/lib/rv32imacxw/ilp32\libg_nano.a(lib_a-nano-mallocr.o)
                0x00000000200000a8                __malloc_sbrk_start
 *(.gnu.linkonce.sb.*)
 *(.bss*)
 .bss.RxBuffer_u8
                0x00000000200000ac      0x400 ./Hardware/my_usart8.o
                0x00000000200000ac                RxBuffer_u8
 *(.gnu.linkonce.b.*)
 *(COMMON*)
 COMMON         0x00000000200004ac        0x4 c:/mounriver/mounriver_studio/toolchain/risc-v embedded gcc/bin/../lib/gcc/riscv-none-embed/8.2.0/../../../../riscv-none-embed/lib/rv32imacxw/ilp32\libg_nano.a(lib_a-reent.o)
                0x00000000200004ac                errno
                0x00000000200004b0                . = ALIGN (0x4)
                0x00000000200004b0                PROVIDE (_ebss = .)
                0x00000000200004b0                PROVIDE (_end = _ebss)
                [!provide]                        PROVIDE (end = .)

.stack          0x0000000020007800      0x800
                0x0000000020007800                PROVIDE (_heap_end = .)
                0x0000000020007800                . = ALIGN (0x4)
                [!provide]                        PROVIDE (_susrstack = .)
                0x0000000020008000                . = (. + __stack_size)
 *fill*         0x0000000020007800      0x800 
                0x0000000020008000                PROVIDE (_eusrstack = .)
OUTPUT(esp8266_onenet.elf elf32-littleriscv)

.debug_info     0x0000000000000000     0xa5d4
 .debug_info    0x0000000000000000      0x962 ./User/ch32v30x_it.o
 .debug_info    0x0000000000000962      0xc74 ./User/main.o
 .debug_info    0x00000000000015d6      0xb31 ./User/system_ch32v30x.o
 .debug_info    0x0000000000002107       0x22 ./Startup/startup_ch32v30x_D8C.o
 .debug_info    0x0000000000002129      0xa94 ./Peripheral/src/ch32v30x_dbgmcu.o
 .debug_info    0x0000000000002bbd      0xd16 ./Peripheral/src/ch32v30x_dma.o
 .debug_info    0x00000000000038d3     0x11b0 ./Peripheral/src/ch32v30x_gpio.o
 .debug_info    0x0000000000004a83      0xf60 ./Peripheral/src/ch32v30x_misc.o
 .debug_info    0x00000000000059e3     0x156e ./Peripheral/src/ch32v30x_rcc.o
 .debug_info    0x0000000000006f51     0x13b1 ./Peripheral/src/ch32v30x_usart.o
 .debug_info    0x0000000000008302     0x13a4 ./Hardware/my_usart8.o
 .debug_info    0x00000000000096a6      0xf2e ./Debug/debug.o

.debug_abbrev   0x0000000000000000     0x1fba
 .debug_abbrev  0x0000000000000000      0x1cf ./User/ch32v30x_it.o
 .debug_abbrev  0x00000000000001cf      0x27a ./User/main.o
 .debug_abbrev  0x0000000000000449      0x28b ./User/system_ch32v30x.o
 .debug_abbrev  0x00000000000006d4       0x12 ./Startup/startup_ch32v30x_D8C.o
 .debug_abbrev  0x00000000000006e6      0x2f7 ./Peripheral/src/ch32v30x_dbgmcu.o
 .debug_abbrev  0x00000000000009dd      0x2fd ./Peripheral/src/ch32v30x_dma.o
 .debug_abbrev  0x0000000000000cda      0x31a ./Peripheral/src/ch32v30x_gpio.o
 .debug_abbrev  0x0000000000000ff4      0x2e3 ./Peripheral/src/ch32v30x_misc.o
 .debug_abbrev  0x00000000000012d7      0x351 ./Peripheral/src/ch32v30x_rcc.o
 .debug_abbrev  0x0000000000001628      0x312 ./Peripheral/src/ch32v30x_usart.o
 .debug_abbrev  0x000000000000193a      0x38b ./Hardware/my_usart8.o
 .debug_abbrev  0x0000000000001cc5      0x2f5 ./Debug/debug.o

.debug_aranges  0x0000000000000000      0x568
 .debug_aranges
                0x0000000000000000       0x28 ./User/ch32v30x_it.o
 .debug_aranges
                0x0000000000000028       0x20 ./User/main.o
 .debug_aranges
                0x0000000000000048       0x28 ./User/system_ch32v30x.o
 .debug_aranges
                0x0000000000000070       0x30 ./Startup/startup_ch32v30x_D8C.o
 .debug_aranges
                0x00000000000000a0       0x48 ./Peripheral/src/ch32v30x_dbgmcu.o
 .debug_aranges
                0x00000000000000e8       0x60 ./Peripheral/src/ch32v30x_dma.o
 .debug_aranges
                0x0000000000000148       0xb0 ./Peripheral/src/ch32v30x_gpio.o
 .debug_aranges
                0x00000000000001f8       0x28 ./Peripheral/src/ch32v30x_misc.o
 .debug_aranges
                0x0000000000000220      0x1a8 ./Peripheral/src/ch32v30x_rcc.o
 .debug_aranges
                0x00000000000003c8       0xf0 ./Peripheral/src/ch32v30x_usart.o
 .debug_aranges
                0x00000000000004b8       0x60 ./Hardware/my_usart8.o
 .debug_aranges
                0x0000000000000518       0x50 ./Debug/debug.o

.debug_ranges   0x0000000000000000      0x4f8
 .debug_ranges  0x0000000000000000       0x18 ./User/ch32v30x_it.o
 .debug_ranges  0x0000000000000018       0x10 ./User/main.o
 .debug_ranges  0x0000000000000028       0x18 ./User/system_ch32v30x.o
 .debug_ranges  0x0000000000000040       0x28 ./Startup/startup_ch32v30x_D8C.o
 .debug_ranges  0x0000000000000068       0x50 ./Peripheral/src/ch32v30x_dbgmcu.o
 .debug_ranges  0x00000000000000b8       0x50 ./Peripheral/src/ch32v30x_dma.o
 .debug_ranges  0x0000000000000108       0xa0 ./Peripheral/src/ch32v30x_gpio.o
 .debug_ranges  0x00000000000001a8       0x48 ./Peripheral/src/ch32v30x_misc.o
 .debug_ranges  0x00000000000001f0      0x198 ./Peripheral/src/ch32v30x_rcc.o
 .debug_ranges  0x0000000000000388       0xe0 ./Peripheral/src/ch32v30x_usart.o
 .debug_ranges  0x0000000000000468       0x50 ./Hardware/my_usart8.o
 .debug_ranges  0x00000000000004b8       0x40 ./Debug/debug.o

.debug_line     0x0000000000000000     0x6c15
 .debug_line    0x0000000000000000      0x242 ./User/ch32v30x_it.o
 .debug_line    0x0000000000000242      0x46c ./User/main.o
 .debug_line    0x00000000000006ae      0x7c6 ./User/system_ch32v30x.o
 .debug_line    0x0000000000000e74      0x122 ./Startup/startup_ch32v30x_D8C.o
 .debug_line    0x0000000000000f96      0x38b ./Peripheral/src/ch32v30x_dbgmcu.o
 .debug_line    0x0000000000001321      0x9e4 ./Peripheral/src/ch32v30x_dma.o
 .debug_line    0x0000000000001d05      0xff1 ./Peripheral/src/ch32v30x_gpio.o
 .debug_line    0x0000000000002cf6      0x3e1 ./Peripheral/src/ch32v30x_misc.o
 .debug_line    0x00000000000030d7     0x199c ./Peripheral/src/ch32v30x_rcc.o
 .debug_line    0x0000000000004a73      0xf09 ./Peripheral/src/ch32v30x_usart.o
 .debug_line    0x000000000000597c      0xb47 ./Hardware/my_usart8.o
 .debug_line    0x00000000000064c3      0x752 ./Debug/debug.o

.debug_str      0x0000000000000000     0x1ff4
 .debug_str     0x0000000000000000      0x558 ./User/ch32v30x_it.o
                                        0x5b9 (size before relaxing)
 .debug_str     0x0000000000000558      0x17e ./User/main.o
                                        0x720 (size before relaxing)
 .debug_str     0x00000000000006d6       0xe6 ./User/system_ch32v30x.o
                                        0x6a6 (size before relaxing)
 .debug_str     0x00000000000007bc       0x2e ./Startup/startup_ch32v30x_D8C.o
                                         0x6d (size before relaxing)
 .debug_str     0x00000000000007ea       0x97 ./Peripheral/src/ch32v30x_dbgmcu.o
                                        0x649 (size before relaxing)
 .debug_str     0x0000000000000881      0x21b ./Peripheral/src/ch32v30x_dma.o
                                        0x7f6 (size before relaxing)
 .debug_str     0x0000000000000a9c      0x3c5 ./Peripheral/src/ch32v30x_gpio.o
                                        0x9b3 (size before relaxing)
 .debug_str     0x0000000000000e61      0x69d ./Peripheral/src/ch32v30x_misc.o
                                        0xcbc (size before relaxing)
 .debug_str     0x00000000000014fe      0x5db ./Peripheral/src/ch32v30x_rcc.o
                                        0xccd (size before relaxing)
 .debug_str     0x0000000000001ad9      0x3b3 ./Peripheral/src/ch32v30x_usart.o
                                        0xaed (size before relaxing)
 .debug_str     0x0000000000001e8c       0xeb ./Hardware/my_usart8.o
                                        0xae7 (size before relaxing)
 .debug_str     0x0000000000001f77       0x7d ./Debug/debug.o
                                        0x914 (size before relaxing)

.comment        0x0000000000000000       0x33
 .comment       0x0000000000000000       0x33 ./User/ch32v30x_it.o
                                         0x34 (size before relaxing)
 .comment       0x0000000000000033       0x34 ./User/main.o
 .comment       0x0000000000000033       0x34 ./User/system_ch32v30x.o
 .comment       0x0000000000000033       0x34 ./Peripheral/src/ch32v30x_dbgmcu.o
 .comment       0x0000000000000033       0x34 ./Peripheral/src/ch32v30x_dma.o
 .comment       0x0000000000000033       0x34 ./Peripheral/src/ch32v30x_gpio.o
 .comment       0x0000000000000033       0x34 ./Peripheral/src/ch32v30x_misc.o
 .comment       0x0000000000000033       0x34 ./Peripheral/src/ch32v30x_rcc.o
 .comment       0x0000000000000033       0x34 ./Peripheral/src/ch32v30x_usart.o
 .comment       0x0000000000000033       0x34 ./Hardware/my_usart8.o
 .comment       0x0000000000000033       0x34 ./Debug/debug.o

.debug_frame    0x0000000000000000     0x13ac
 .debug_frame   0x0000000000000000       0x30 ./User/ch32v30x_it.o
 .debug_frame   0x0000000000000030       0x2c ./User/main.o
 .debug_frame   0x000000000000005c       0x30 ./User/system_ch32v30x.o
 .debug_frame   0x000000000000008c       0x70 ./Peripheral/src/ch32v30x_dbgmcu.o
 .debug_frame   0x00000000000000fc       0xd8 ./Peripheral/src/ch32v30x_dma.o
 .debug_frame   0x00000000000001d4      0x174 ./Peripheral/src/ch32v30x_gpio.o
 .debug_frame   0x0000000000000348       0x30 ./Peripheral/src/ch32v30x_misc.o
 .debug_frame   0x0000000000000378      0x344 ./Peripheral/src/ch32v30x_rcc.o
 .debug_frame   0x00000000000006bc      0x1e4 ./Peripheral/src/ch32v30x_usart.o
 .debug_frame   0x00000000000008a0      0x140 ./Hardware/my_usart8.o
 .debug_frame   0x00000000000009e0       0xb8 ./Debug/debug.o
 .debug_frame   0x0000000000000a98       0x40 c:/mounriver/mounriver_studio/toolchain/risc-v embedded gcc/bin/../lib/gcc/riscv-none-embed/8.2.0/../../../../riscv-none-embed/lib/rv32imacxw/ilp32\libg_nano.a(lib_a-nano-freer.o)
 .debug_frame   0x0000000000000ad8       0x40 c:/mounriver/mounriver_studio/toolchain/risc-v embedded gcc/bin/../lib/gcc/riscv-none-embed/8.2.0/../../../../riscv-none-embed/lib/rv32imacxw/ilp32\libg_nano.a(lib_a-nano-mallocr.o)
 .debug_frame   0x0000000000000b18       0x54 c:/mounriver/mounriver_studio/toolchain/risc-v embedded gcc/bin/../lib/gcc/riscv-none-embed/8.2.0/../../../../riscv-none-embed/lib/rv32imacxw/ilp32\libg_nano.a(lib_a-printf.o)
 .debug_frame   0x0000000000000b6c       0x54 c:/mounriver/mounriver_studio/toolchain/risc-v embedded gcc/bin/../lib/gcc/riscv-none-embed/8.2.0/../../../../riscv-none-embed/lib/rv32imacxw/ilp32\libg_nano.a(lib_a-puts.o)
 .debug_frame   0x0000000000000bc0       0x30 c:/mounriver/mounriver_studio/toolchain/risc-v embedded gcc/bin/../lib/gcc/riscv-none-embed/8.2.0/../../../../riscv-none-embed/lib/rv32imacxw/ilp32\libg_nano.a(lib_a-sbrkr.o)
 .debug_frame   0x0000000000000bf0       0xa4 c:/mounriver/mounriver_studio/toolchain/risc-v embedded gcc/bin/../lib/gcc/riscv-none-embed/8.2.0/../../../../riscv-none-embed/lib/rv32imacxw/ilp32\libg_nano.a(lib_a-stdio.o)
 .debug_frame   0x0000000000000c94       0x50 c:/mounriver/mounriver_studio/toolchain/risc-v embedded gcc/bin/../lib/gcc/riscv-none-embed/8.2.0/../../../../riscv-none-embed/lib/rv32imacxw/ilp32\libg_nano.a(lib_a-wbuf.o)
 .debug_frame   0x0000000000000ce4       0x30 c:/mounriver/mounriver_studio/toolchain/risc-v embedded gcc/bin/../lib/gcc/riscv-none-embed/8.2.0/../../../../riscv-none-embed/lib/rv32imacxw/ilp32\libg_nano.a(lib_a-writer.o)
 .debug_frame   0x0000000000000d14       0x3c c:/mounriver/mounriver_studio/toolchain/risc-v embedded gcc/bin/../lib/gcc/riscv-none-embed/8.2.0/../../../../riscv-none-embed/lib/rv32imacxw/ilp32\libg_nano.a(lib_a-wsetup.o)
 .debug_frame   0x0000000000000d50       0x30 c:/mounriver/mounriver_studio/toolchain/risc-v embedded gcc/bin/../lib/gcc/riscv-none-embed/8.2.0/../../../../riscv-none-embed/lib/rv32imacxw/ilp32\libg_nano.a(lib_a-closer.o)
 .debug_frame   0x0000000000000d80       0x7c c:/mounriver/mounriver_studio/toolchain/risc-v embedded gcc/bin/../lib/gcc/riscv-none-embed/8.2.0/../../../../riscv-none-embed/lib/rv32imacxw/ilp32\libg_nano.a(lib_a-fflush.o)
 .debug_frame   0x0000000000000dfc      0x148 c:/mounriver/mounriver_studio/toolchain/risc-v embedded gcc/bin/../lib/gcc/riscv-none-embed/8.2.0/../../../../riscv-none-embed/lib/rv32imacxw/ilp32\libg_nano.a(lib_a-findfp.o)
 .debug_frame   0x0000000000000f44       0x88 c:/mounriver/mounriver_studio/toolchain/risc-v embedded gcc/bin/../lib/gcc/riscv-none-embed/8.2.0/../../../../riscv-none-embed/lib/rv32imacxw/ilp32\libg_nano.a(lib_a-fwalk.o)
 .debug_frame   0x0000000000000fcc       0x30 c:/mounriver/mounriver_studio/toolchain/risc-v embedded gcc/bin/../lib/gcc/riscv-none-embed/8.2.0/../../../../riscv-none-embed/lib/rv32imacxw/ilp32\libg_nano.a(lib_a-lseekr.o)
 .debug_frame   0x0000000000000ffc       0x64 c:/mounriver/mounriver_studio/toolchain/risc-v embedded gcc/bin/../lib/gcc/riscv-none-embed/8.2.0/../../../../riscv-none-embed/lib/rv32imacxw/ilp32\libg_nano.a(lib_a-makebuf.o)
 .debug_frame   0x0000000000001060       0x30 c:/mounriver/mounriver_studio/toolchain/risc-v embedded gcc/bin/../lib/gcc/riscv-none-embed/8.2.0/../../../../riscv-none-embed/lib/rv32imacxw/ilp32\libg_nano.a(lib_a-mlock.o)
 .debug_frame   0x0000000000001090       0xd0 c:/mounriver/mounriver_studio/toolchain/risc-v embedded gcc/bin/../lib/gcc/riscv-none-embed/8.2.0/../../../../riscv-none-embed/lib/rv32imacxw/ilp32\libg_nano.a(lib_a-nano-vfprintf.o)
 .debug_frame   0x0000000000001160       0x8c c:/mounriver/mounriver_studio/toolchain/risc-v embedded gcc/bin/../lib/gcc/riscv-none-embed/8.2.0/../../../../riscv-none-embed/lib/rv32imacxw/ilp32\libg_nano.a(lib_a-nano-vfprintf_i.o)
 .debug_frame   0x00000000000011ec       0x30 c:/mounriver/mounriver_studio/toolchain/risc-v embedded gcc/bin/../lib/gcc/riscv-none-embed/8.2.0/../../../../riscv-none-embed/lib/rv32imacxw/ilp32\libg_nano.a(lib_a-readr.o)
 .debug_frame   0x000000000000121c       0x70 c:/mounriver/mounriver_studio/toolchain/risc-v embedded gcc/bin/../lib/gcc/riscv-none-embed/8.2.0/../../../../riscv-none-embed/lib/rv32imacxw/ilp32\libg_nano.a(lib_a-reent.o)
 .debug_frame   0x000000000000128c       0x30 c:/mounriver/mounriver_studio/toolchain/risc-v embedded gcc/bin/../lib/gcc/riscv-none-embed/8.2.0/../../../../riscv-none-embed/lib/rv32imacxw/ilp32\libg_nano.a(lib_a-fstatr.o)
 .debug_frame   0x00000000000012bc       0x30 c:/mounriver/mounriver_studio/toolchain/risc-v embedded gcc/bin/../lib/gcc/riscv-none-embed/8.2.0/../../../../riscv-none-embed/lib/rv32imacxw/ilp32\libg_nano.a(lib_a-isattyr.o)
 .debug_frame   0x00000000000012ec       0x20 c:/mounriver/mounriver_studio/toolchain/risc-v embedded gcc/bin/../lib/gcc/riscv-none-embed/8.2.0/../../../../riscv-none-embed/lib/rv32imacxw/ilp32\libg_nano.a(lib_a-memchr.o)
 .debug_frame   0x000000000000130c       0x20 c:/mounriver/mounriver_studio/toolchain/risc-v embedded gcc/bin/../lib/gcc/riscv-none-embed/8.2.0/../../../../riscv-none-embed/lib/rv32imacxw/ilp32\libnosys.a(close.o)
 .debug_frame   0x000000000000132c       0x20 c:/mounriver/mounriver_studio/toolchain/risc-v embedded gcc/bin/../lib/gcc/riscv-none-embed/8.2.0/../../../../riscv-none-embed/lib/rv32imacxw/ilp32\libnosys.a(fstat.o)
 .debug_frame   0x000000000000134c       0x20 c:/mounriver/mounriver_studio/toolchain/risc-v embedded gcc/bin/../lib/gcc/riscv-none-embed/8.2.0/../../../../riscv-none-embed/lib/rv32imacxw/ilp32\libnosys.a(isatty.o)
 .debug_frame   0x000000000000136c       0x20 c:/mounriver/mounriver_studio/toolchain/risc-v embedded gcc/bin/../lib/gcc/riscv-none-embed/8.2.0/../../../../riscv-none-embed/lib/rv32imacxw/ilp32\libnosys.a(lseek.o)
 .debug_frame   0x000000000000138c       0x20 c:/mounriver/mounriver_studio/toolchain/risc-v embedded gcc/bin/../lib/gcc/riscv-none-embed/8.2.0/../../../../riscv-none-embed/lib/rv32imacxw/ilp32\libnosys.a(read.o)

.debug_loc      0x0000000000000000     0x2080
 .debug_loc     0x0000000000000000      0x163 ./User/system_ch32v30x.o
 .debug_loc     0x0000000000000163       0x7c ./Peripheral/src/ch32v30x_dbgmcu.o
 .debug_loc     0x00000000000001df      0x19a ./Peripheral/src/ch32v30x_dma.o
 .debug_loc     0x0000000000000379      0x6d6 ./Peripheral/src/ch32v30x_gpio.o
 .debug_loc     0x0000000000000a4f       0x47 ./Peripheral/src/ch32v30x_misc.o
 .debug_loc     0x0000000000000a96      0xadb ./Peripheral/src/ch32v30x_rcc.o
 .debug_loc     0x0000000000001571      0x779 ./Peripheral/src/ch32v30x_usart.o
 .debug_loc     0x0000000000001cea      0x21f ./Hardware/my_usart8.o
 .debug_loc     0x0000000000001f09      0x177 ./Debug/debug.o

.stab           0x0000000000000000       0x84
 .stab          0x0000000000000000       0x24 c:/mounriver/mounriver_studio/toolchain/risc-v embedded gcc/bin/../lib/gcc/riscv-none-embed/8.2.0/../../../../riscv-none-embed/lib/rv32imacxw/ilp32\libnosys.a(close.o)
 .stab          0x0000000000000024       0x18 c:/mounriver/mounriver_studio/toolchain/risc-v embedded gcc/bin/../lib/gcc/riscv-none-embed/8.2.0/../../../../riscv-none-embed/lib/rv32imacxw/ilp32\libnosys.a(fstat.o)
                                         0x24 (size before relaxing)
 .stab          0x000000000000003c       0x18 c:/mounriver/mounriver_studio/toolchain/risc-v embedded gcc/bin/../lib/gcc/riscv-none-embed/8.2.0/../../../../riscv-none-embed/lib/rv32imacxw/ilp32\libnosys.a(isatty.o)
                                         0x24 (size before relaxing)
 .stab          0x0000000000000054       0x18 c:/mounriver/mounriver_studio/toolchain/risc-v embedded gcc/bin/../lib/gcc/riscv-none-embed/8.2.0/../../../../riscv-none-embed/lib/rv32imacxw/ilp32\libnosys.a(lseek.o)
                                         0x24 (size before relaxing)
 .stab          0x000000000000006c       0x18 c:/mounriver/mounriver_studio/toolchain/risc-v embedded gcc/bin/../lib/gcc/riscv-none-embed/8.2.0/../../../../riscv-none-embed/lib/rv32imacxw/ilp32\libnosys.a(read.o)
                                         0x24 (size before relaxing)

.stabstr        0x0000000000000000      0x117
 .stabstr       0x0000000000000000      0x117 c:/mounriver/mounriver_studio/toolchain/risc-v embedded gcc/bin/../lib/gcc/riscv-none-embed/8.2.0/../../../../riscv-none-embed/lib/rv32imacxw/ilp32\libnosys.a(close.o)
